Component: ARM Compiler 5.06 update 4 (build 422) Tool: armlink [4d35d2]

==============================================================================

Section Cross References

    stm32f4xx_adc.o(i.ADC_DeInit) refers to stm32f4xx_rcc.o(i.RCC_APB2PeriphResetCmd) for RCC_APB2PeriphResetCmd
    stm32f4xx_can.o(i.CAN_DeInit) refers to stm32f4xx_rcc.o(i.RCC_APB1PeriphResetCmd) for RCC_APB1PeriphResetCmd
    stm32f4xx_cryp.o(i.CRYP_DeInit) refers to stm32f4xx_rcc.o(i.RCC_AHB2PeriphResetCmd) for RCC_AHB2PeriphResetCmd
    stm32f4xx_cryp_aes.o(i.CRYP_AES_CBC) refers to stm32f4xx_cryp.o(i.CRYP_KeyStructInit) for CRYP_KeyStructInit
    stm32f4xx_cryp_aes.o(i.CRYP_AES_CBC) refers to stm32f4xx_cryp.o(i.CRYP_KeyInit) for CRYP_KeyInit
    stm32f4xx_cryp_aes.o(i.CRYP_AES_CBC) refers to stm32f4xx_cryp.o(i.CRYP_Init) for CRYP_Init
    stm32f4xx_cryp_aes.o(i.CRYP_AES_CBC) refers to stm32f4xx_cryp.o(i.CRYP_IVInit) for CRYP_IVInit
    stm32f4xx_cryp_aes.o(i.CRYP_AES_CBC) refers to stm32f4xx_cryp.o(i.CRYP_FIFOFlush) for CRYP_FIFOFlush
    stm32f4xx_cryp_aes.o(i.CRYP_AES_CBC) refers to stm32f4xx_cryp.o(i.CRYP_Cmd) for CRYP_Cmd
    stm32f4xx_cryp_aes.o(i.CRYP_AES_CBC) refers to stm32f4xx_cryp.o(i.CRYP_GetCmdStatus) for CRYP_GetCmdStatus
    stm32f4xx_cryp_aes.o(i.CRYP_AES_CBC) refers to stm32f4xx_cryp.o(i.CRYP_GetFlagStatus) for CRYP_GetFlagStatus
    stm32f4xx_cryp_aes.o(i.CRYP_AES_CBC) refers to stm32f4xx_cryp.o(i.CRYP_DataIn) for CRYP_DataIn
    stm32f4xx_cryp_aes.o(i.CRYP_AES_CBC) refers to stm32f4xx_cryp.o(i.CRYP_DataOut) for CRYP_DataOut
    stm32f4xx_cryp_aes.o(i.CRYP_AES_CCM) refers to stm32f4xx_cryp.o(i.CRYP_KeyStructInit) for CRYP_KeyStructInit
    stm32f4xx_cryp_aes.o(i.CRYP_AES_CCM) refers to stm32f4xx_cryp.o(i.CRYP_FIFOFlush) for CRYP_FIFOFlush
    stm32f4xx_cryp_aes.o(i.CRYP_AES_CCM) refers to stm32f4xx_cryp.o(i.CRYP_KeyInit) for CRYP_KeyInit
    stm32f4xx_cryp_aes.o(i.CRYP_AES_CCM) refers to stm32f4xx_cryp.o(i.CRYP_IVInit) for CRYP_IVInit
    stm32f4xx_cryp_aes.o(i.CRYP_AES_CCM) refers to stm32f4xx_cryp.o(i.CRYP_Init) for CRYP_Init
    stm32f4xx_cryp_aes.o(i.CRYP_AES_CCM) refers to stm32f4xx_cryp.o(i.CRYP_PhaseConfig) for CRYP_PhaseConfig
    stm32f4xx_cryp_aes.o(i.CRYP_AES_CCM) refers to stm32f4xx_cryp.o(i.CRYP_DataIn) for CRYP_DataIn
    stm32f4xx_cryp_aes.o(i.CRYP_AES_CCM) refers to stm32f4xx_cryp.o(i.CRYP_Cmd) for CRYP_Cmd
    stm32f4xx_cryp_aes.o(i.CRYP_AES_CCM) refers to stm32f4xx_cryp.o(i.CRYP_GetCmdStatus) for CRYP_GetCmdStatus
    stm32f4xx_cryp_aes.o(i.CRYP_AES_CCM) refers to stm32f4xx_cryp.o(i.CRYP_GetFlagStatus) for CRYP_GetFlagStatus
    stm32f4xx_cryp_aes.o(i.CRYP_AES_CCM) refers to stm32f4xx_cryp.o(i.CRYP_DataOut) for CRYP_DataOut
    stm32f4xx_cryp_aes.o(i.CRYP_AES_CTR) refers to stm32f4xx_cryp.o(i.CRYP_KeyStructInit) for CRYP_KeyStructInit
    stm32f4xx_cryp_aes.o(i.CRYP_AES_CTR) refers to stm32f4xx_cryp.o(i.CRYP_KeyInit) for CRYP_KeyInit
    stm32f4xx_cryp_aes.o(i.CRYP_AES_CTR) refers to stm32f4xx_cryp.o(i.CRYP_Init) for CRYP_Init
    stm32f4xx_cryp_aes.o(i.CRYP_AES_CTR) refers to stm32f4xx_cryp.o(i.CRYP_IVInit) for CRYP_IVInit
    stm32f4xx_cryp_aes.o(i.CRYP_AES_CTR) refers to stm32f4xx_cryp.o(i.CRYP_FIFOFlush) for CRYP_FIFOFlush
    stm32f4xx_cryp_aes.o(i.CRYP_AES_CTR) refers to stm32f4xx_cryp.o(i.CRYP_Cmd) for CRYP_Cmd
    stm32f4xx_cryp_aes.o(i.CRYP_AES_CTR) refers to stm32f4xx_cryp.o(i.CRYP_GetCmdStatus) for CRYP_GetCmdStatus
    stm32f4xx_cryp_aes.o(i.CRYP_AES_CTR) refers to stm32f4xx_cryp.o(i.CRYP_DataIn) for CRYP_DataIn
    stm32f4xx_cryp_aes.o(i.CRYP_AES_CTR) refers to stm32f4xx_cryp.o(i.CRYP_GetFlagStatus) for CRYP_GetFlagStatus
    stm32f4xx_cryp_aes.o(i.CRYP_AES_CTR) refers to stm32f4xx_cryp.o(i.CRYP_DataOut) for CRYP_DataOut
    stm32f4xx_cryp_aes.o(i.CRYP_AES_ECB) refers to stm32f4xx_cryp.o(i.CRYP_KeyStructInit) for CRYP_KeyStructInit
    stm32f4xx_cryp_aes.o(i.CRYP_AES_ECB) refers to stm32f4xx_cryp.o(i.CRYP_KeyInit) for CRYP_KeyInit
    stm32f4xx_cryp_aes.o(i.CRYP_AES_ECB) refers to stm32f4xx_cryp.o(i.CRYP_Init) for CRYP_Init
    stm32f4xx_cryp_aes.o(i.CRYP_AES_ECB) refers to stm32f4xx_cryp.o(i.CRYP_FIFOFlush) for CRYP_FIFOFlush
    stm32f4xx_cryp_aes.o(i.CRYP_AES_ECB) refers to stm32f4xx_cryp.o(i.CRYP_Cmd) for CRYP_Cmd
    stm32f4xx_cryp_aes.o(i.CRYP_AES_ECB) refers to stm32f4xx_cryp.o(i.CRYP_GetCmdStatus) for CRYP_GetCmdStatus
    stm32f4xx_cryp_aes.o(i.CRYP_AES_ECB) refers to stm32f4xx_cryp.o(i.CRYP_GetFlagStatus) for CRYP_GetFlagStatus
    stm32f4xx_cryp_aes.o(i.CRYP_AES_ECB) refers to stm32f4xx_cryp.o(i.CRYP_DataIn) for CRYP_DataIn
    stm32f4xx_cryp_aes.o(i.CRYP_AES_ECB) refers to stm32f4xx_cryp.o(i.CRYP_DataOut) for CRYP_DataOut
    stm32f4xx_cryp_aes.o(i.CRYP_AES_GCM) refers to stm32f4xx_cryp.o(i.CRYP_KeyStructInit) for CRYP_KeyStructInit
    stm32f4xx_cryp_aes.o(i.CRYP_AES_GCM) refers to stm32f4xx_cryp.o(i.CRYP_FIFOFlush) for CRYP_FIFOFlush
    stm32f4xx_cryp_aes.o(i.CRYP_AES_GCM) refers to stm32f4xx_cryp.o(i.CRYP_KeyInit) for CRYP_KeyInit
[...]
    i.can2_tx_dequeue                        0x08002c14   Section        0  can_protocol.o(i.can2_tx_dequeue)
    can2_tx_dequeue                          0x08002c15   Thumb Code   316  can_protocol.o(i.can2_tx_dequeue)
    i.can_init                               0x08002d68   Section        0  can_protocol.o(i.can_init)
    i.can_rx_add_filter                      0x08002ea8   Section        0  can_protocol.o(i.can_rx_add_filter)
    i.can_rx_init                            0x08002f20   Section        0  can_protocol.o(i.can_rx_init)
    i.can_tx_enqueue                         0x08002fa8   Section        0  can_protocol.o(i.can_tx_enqueue)
    i.debug                                  0x08003020   Section        0  main.o(i.debug)
    i.feedback_decoding                      0x08003270   Section        0  gun_can_motor.o(i.feedback_decoding)
    feedback_decoding                        0x08003271   Thumb Code   232  gun_can_motor.o(i.feedback_decoding)
    i.gar_button_pressed                     0x08003378   Section        0  garuda_receiver.o(i.gar_button_pressed)
    i.gar_button_update                      0x080033d0   Section        0  garuda_receiver.o(i.gar_button_update)
    i.gar_get_connection                     0x08003490   Section        0  garuda_receiver.o(i.gar_get_connection)
    i.gar_get_joy                            0x080034dc   Section        0  garuda_receiver.o(i.gar_get_joy)
    i.gar_spi_schedule_next                  0x08003538   Section        0  garuda_transmit.o(i.gar_spi_schedule_next)
    i.garuda_init                            0x080035bc   Section        0  garuda_receiver.o(i.garuda_init)
    i.garuda_tft_init                        0x08003670   Section        0  garuda_tft.o(i.garuda_tft_init)
    i.garuda_transmit_init                   0x08003688   Section        0  garuda_transmit.o(i.garuda_transmit_init)
    i.getPinSource                           0x08003724   Section        0  gpio.o(i.getPinSource)
    i.gpio_af_init                           0x080037bc   Section        0  gpio.o(i.gpio_af_init)
    i.gpio_init                              0x08003806   Section        0  gpio.o(i.gpio_init)
    i.gpio_input_init                        0x0800382e   Section        0  gpio.o(i.gpio_input_init)
    i.gpio_output_init                       0x08003856   Section        0  gpio.o(i.gpio_output_init)
    i.gpio_rcc_init                          0x0800388c   Section        0  gpio.o(i.gpio_rcc_init)
    i.gpio_rcc_init_all                      0x08003900   Section        0  gpio.o(i.gpio_rcc_init_all)
    i.gun_can_get_encoder                    0x08003940   Section        0  gun_can_motor.o(i.gun_can_get_encoder)
    i.gun_can_get_pwm                        0x0800394c   Section        0  gun_can_motor.o(i.gun_can_get_pwm)
    i.gun_can_motor_init                     0x08003958   Section        0  gun_can_motor.o(i.gun_can_motor_init)
    i.gun_can_motor_set_pos                  0x08003974   Section        0  gun_can_motor.o(i.gun_can_motor_set_pos)
    i.gun_can_motor_set_vel                  0x080039a4   Section        0  gun_can_motor.o(i.gun_can_motor_set_vel)
    i.gun_set_PID                            0x080039de   Section        0  gun_can_motor.o(i.gun_set_PID)
    i.int_arc_tan                            0x080039fc   Section        0  approx_math.o(i.int_arc_tan)
    i.int_arc_tan2                           0x08003b18   Section        0  approx_math.o(i.int_arc_tan2)
    i.int_sin                                0x08003b64   Section        0  approx_math.o(i.int_sin)
    i.led_init                               0x08003bec   Section        0  led.o(i.led_init)
    i.main                                   0x08003c14   Section        0  main.o(i.main)
    i.motor_rotate                           0x08003e9c   Section        0  main.o(i.motor_rotate)
    i.motor_translate                        0x08003eb8   Section        0  main.o(i.motor_translate)
    i.motor_update                           0x08003f18   Section        0  main.o(i.motor_update)
    i.motor_update_debug                     0x08004144   Section        0  main.o(i.motor_update_debug)
    i.spi_gar_rx_handler                     0x08004354   Section        0  garuda_receiver.o(i.spi_gar_rx_handler)
    i.spi_gar_update_ssi                     0x080043bc   Section        0  garuda_receiver.o(i.spi_gar_update_ssi)
    spi_gar_update_ssi                       0x080043bd   Thumb Code    44  garuda_receiver.o(i.spi_gar_update_ssi)
    i.spi_init                               0x080043f0   Section        0  spi_protocol.o(i.spi_init)
    i.spi_rx_set_handler                     0x08004510   Section        0  spi_protocol.o(i.spi_rx_set_handler)
    i.spi_tx_byte                            0x08004578   Section        0  spi_protocol.o(i.spi_tx_byte)
    i.tft_clear                              0x080045e8   Section        0  lcd_main.o(i.tft_clear)
    i.tft_fill_color                         0x08004668   Section        0  lcd_main.o(i.tft_fill_color)
    i.tft_get_orientation                    0x080046b0   Section        0  lcd_main.o(i.tft_get_orientation)
    i.tft_init                               0x080046bc   Section        0  lcd_main.o(i.tft_init)
    i.tft_println                            0x080049d0   Section        0  lcd_main.o(i.tft_println)
    i.tft_set_buffer                         0x08004a0c   Section        0  lcd_main.o(i.tft_set_buffer)
    tft_set_buffer                           0x08004a0d   Thumb Code   144  lcd_main.o(i.tft_set_buffer)
    i.tft_set_region                         0x08004aa4   Section        0  lcd_main.o(i.tft_set_region)
    tft_set_region                           0x08004aa5   Thumb Code   106  lcd_main.o(i.tft_set_region)
    i.tft_update                             0x08004b14   Section        0  lcd_main.o(i.tft_update)
    i.tft_write_command                      0x08004d1c   Section        0  lcd_main.o(i.tft_write_command)
    tft_write_command                        0x08004d1d   Thumb Code    52  lcd_main.o(i.tft_write_command)
    i.tft_write_data                         0x08004d54   Section        0  lcd_main.o(i.tft_write_data)
    tft_write_data                           0x08004d55   Thumb Code    52  lcd_main.o(i.tft_write_data)
    i.ticks_init                             0x08004d8c   Section        0  ticks.o(i.ticks_init)
    i.timer_init                             0x08004df4   Section        0  timer.o(i.timer_init)
    i.uart_init                              0x08004e78   Section        0  uart.o(i.uart_init)
    i.uart_interrupt_init                    0x08004f38   Section        0  uart.o(i.uart_interrupt_init)
    i.uart_tx                                0x08004f44   Section        0  uart.o(i.uart_tx)
    i.uart_tx_byte                           0x08004fa8   Section        0  uart.o(i.uart_tx_byte)
    i.uart_tx_dequeue                        0x08005034   Section        0  uart.o(i.uart_tx_dequeue)
    uart_tx_dequeue                          0x08005035   Thumb Code   112  uart.o(i.uart_tx_dequeue)
    i.unpack                                 0x080050ac   Section        0  garuda_receiver.o(i.unpack)
    unpack                                   0x080050ad   Thumb Code   462  garuda_receiver.o(i.unpack)
    .constdata                               0x08005280   Section      168  adc.o(.constdata)
    ADCPorts                                 0x08005280   Data         120  adc.o(.constdata)
    ADCs                                     0x080052f8   Data          48  adc.o(.constdata)
    .constdata                               0x08005328   Section      120  uart.o(.constdata)
    UARTPorts                                0x08005328   Data         120  uart.o(.constdata)
    .constdata                               0x080053a0   Section        8  gpio.o(.constdata)
    .constdata                               0x080053a8   Section        8  gpio.o(.constdata)
    .constdata                               0x080053b0   Section        8  gpio.o(.constdata)
    .constdata                               0x080053b8   Section        8  gpio.o(.constdata)
    .constdata                               0x080053c0   Section        8  gpio.o(.constdata)
    .constdata                               0x080053c8   Section        8  gpio.o(.constdata)
    .constdata                               0x080053d0   Section        8  gpio.o(.constdata)
    .constdata                               0x080053d8   Section        8  gpio.o(.constdata)
    .constdata                               0x080053e0   Section        8  gpio.o(.constdata)
    .constdata                               0x080053e8   Section        8  gpio.o(.constdata)
    .constdata                               0x080053f0   Section        8  gpio.o(.constdata)
    .constdata                               0x080053f8   Section        8  gpio.o(.constdata)
    .constdata                               0x08005400   Section        8  gpio.o(.constdata)
    .constdata                               0x08005408   Section        8  gpio.o(.constdata)
    .constdata                               0x08005410   Section        8  gpio.o(.constdata)
    .constdata                               0x08005418   Section        8  gpio.o(.constdata)
    .constdata                               0x08005420   Section        8  gpio.o(.constdata)
    .constdata                               0x08005428   Section        8  gpio.o(.constdata)
    .constdata                               0x08005430   Section        8  gpio.o(.constdata)
    .constdata                               0x08005438   Section        8  gpio.o(.constdata)
    .constdata                               0x08005440   Section        8  gpio.o(.constdata)
    .constdata                               0x08005448   Section        8  gpio.o(.constdata)
    .constdata                               0x08005450   Section        8  gpio.o(.constdata)
    .constdata                               0x08005458   Section        8  gpio.o(.constdata)
    .constdata                               0x08005460   Section        8  gpio.o(.constdata)
    .constdata                               0x08005468   Section        8  gpio.o(.constdata)
    .constdata                               0x08005470   Section        8  gpio.o(.constdata)
    .constdata                               0x08005478   Section        8  gpio.o(.constdata)
    .constdata                               0x08005480   Section        8  gpio.o(.constdata)
    .constdata                               0x08005488   Section        8  gpio.o(.constdata)
    .constdata                               0x08005490   Section        8  gpio.o(.constdata)
    .constdata                               0x08005498   Section        8  gpio.o(.constdata)
    .constdata                               0x080054a0   Section        8  gpio.o(.constdata)
    .constdata                               0x080054a8   Section        8  gpio.o(.constdata)
    .constdata                               0x080054b0   Section        8  gpio.o(.constdata)
    .constdata                               0x080054b8   Section        8  gpio.o(.constdata)
    .constdata                               0x080054c0   Section        8  gpio.o(.constdata)
    .constdata                               0x080054c8   Section        8  gpio.o(.constdata)
    .constdata                               0x080054d0   Section        8  gpio.o(.constdata)
    .constdata                               0x080054d8   Section        8  gpio.o(.constdata)
    .constdata                               0x080054e0   Section        8  gpio.o(.constdata)
    .constdata                               0x080054e8   Section        8  gpio.o(.constdata)
    .constdata                               0x080054f0   Section        8  gpio.o(.constdata)
    .constdata                               0x080054f8   Section        8  gpio.o(.constdata)
    .constdata                               0x08005500   Section        8  gpio.o(.constdata)
    .constdata                               0x08005508   Section        8  gpio.o(.constdata)
    .constdata                               0x08005510   Section        8  gpio.o(.constdata)
    .constdata                               0x08005518   Section        8  gpio.o(.constdata)
    .constdata                               0x08005520   Section       56  button.o(.constdata)
    BUTTONS                                  0x08005520   Data          56  button.o(.constdata)
    .data                                    0x20000000   Section       16  stm32f4xx_rcc.o(.data)
    APBAHBPrescTable                         0x20000000   Data          16  stm32f4xx_rcc.o(.data)
    .data                                    0x20000010   Section       24  system_stm32f4xx.o(.data)
    .data                                    0x20000028   Section       80  main.o(.data)
    .data                                    0x20000078   Section       48  garuda_receiver.o(.data)
    garuda_priority                          0x20000078   Data           1  garuda_receiver.o(.data)
    spi_gar_status                           0x20000079   Data           1  garuda_receiver.o(.data)
    bt_gar_status                            0x2000007a   Data           1  garuda_receiver.o(.data)
    gar_nss                                  0x2000007c   Data           4  garuda_receiver.o(.data)
    spi_pointer                              0x20000080   Data           4  garuda_receiver.o(.data)
    spi_error_count                          0x20000084   Data           4  garuda_receiver.o(.data)
    spi_last_recv                            0x20000088   Data           4  garuda_receiver.o(.data)
    bt_pointer                               0x2000008c   Data           4  garuda_receiver.o(.data)
    bt_error_count                           0x20000090   Data           4  garuda_receiver.o(.data)
    bt_last_recv                             0x20000094   Data           4  garuda_receiver.o(.data)
    spi_joy_value                            0x20000098   Data           8  garuda_receiver.o(.data)
    bt_joy_value                             0x200000a0   Data           8  garuda_receiver.o(.data)
    .data                                    0x200000a8   Section      160  garuda_tft.o(.data)
    .data                                    0x20000148   Section        5  garuda_transmit.o(.data)
    spi_tft_pointer                          0x20000148   Data           1  garuda_transmit.o(.data)
    spi_pending_command_byte                 0x20000149   Data           1  garuda_transmit.o(.data)
    spi_command_interrupt                    0x2000014a   Data           1  garuda_transmit.o(.data)
    garuda_priority                          0x2000014c   Data           1  garuda_transmit.o(.data)
    .data                                    0x2000014e   Section      364  approx_math.o(.data)
    .data                                    0x200002bc   Section       36  can_protocol.o(.data)
    CAN_filter_count                         0x200002bc   Data           2  can_protocol.o(.data)
    CAN_max_filter                           0x200002be   Data           2  can_protocol.o(.data)
    can_tx_dequeue                           0x200002c0   Data           8  can_protocol.o(.data)
    CAN_queue_max_size                       0x200002c8   Data           8  can_protocol.o(.data)
    .data                                    0x200002e0   Section       72  uart.o(.data)
    tx_queue                                 0x200002e0   Data          48  uart.o(.data)
    tx_buf_max_size                          0x20000310   Data          24  uart.o(.data)
    .data                                    0x20000328   Section        4  ticks.o(.data)
    .data                                    0x2000032c   Section       56  spi_protocol.o(.data)
    spi_af                                   0x2000032c   Data           3  spi_protocol.o(.data)
    spi_irq                                  0x2000032f   Data           3  spi_protocol.o(.data)
    sclk                                     0x20000334   Data          12  spi_protocol.o(.data)
    miso                                     0x20000340   Data          12  spi_protocol.o(.data)
    mosi                                     0x2000034c   Data          12  spi_protocol.o(.data)
    spi_rcc                                  0x20000358   Data          12  spi_protocol.o(.data)
    .data                                    0x20000364   Section     1568  lcd_main.o(.data)
    col_shift                                0x20000367   Data           1  lcd_main.o(.data)
    row_shift                                0x20000368   Data           1  lcd_main.o(.data)
    tft_rst                                  0x20000374   Data           4  lcd_main.o(.data)
    tft_dc                                   0x20000378   Data           4  lcd_main.o(.data)
    tft_cs                                   0x2000037c   Data           4  lcd_main.o(.data)
    tft_spi_port                             0x20000380   Data           4  lcd_main.o(.data)
    .data                                    0x20000984   Section        8  led.o(.data)
    LEDs                                     0x20000984   Data           8  led.o(.data)
    .data                                    0x2000098c   Section        4  timer.o(.data)
    running                                  0x2000098c   Data           1  timer.o(.data)
    size                                     0x2000098e   Data           2  timer.o(.data)
    .data                                    0x20000990   Section       24  spi_xbc_mb.o(.data)
    xbc_connection                           0x20000990   Data           1  spi_xbc_mb.o(.data)
    xbc_back_buttons                         0x20000992   Data           2  spi_xbc_mb.o(.data)
    xbc_nss                                  0x20000994   Data           4  spi_xbc_mb.o(.data)
    xbc_digital                              0x20000998   Data           4  spi_xbc_mb.o(.data)
    pointer                                  0x2000099c   Data           4  spi_xbc_mb.o(.data)
    error_count                              0x200009a0   Data           4  spi_xbc_mb.o(.data)
    last_recv                                0x200009a4   Data           4  spi_xbc_mb.o(.data)
    .bss                                     0x200009a8   Section       12  main.o(.bss)
    .bss                                     0x200009b4   Section      582  garuda_receiver.o(.bss)
    pressedTime                              0x200009b4   Data         100  garuda_receiver.o(.bss)
    clickListeners                           0x20000a18   Data         100  garuda_receiver.o(.bss)
    releaseListeners                         0x20000a7c   Data         100  garuda_receiver.o(.bss)
    holdListeners                            0x20000ae0   Data         200  garuda_receiver.o(.bss)
    spi_buffer                               0x20000ba8   Data          16  garuda_receiver.o(.bss)
    spi_btn_value                            0x20000bb8   Data          25  garuda_receiver.o(.bss)
    bt_buffer                                0x20000bd1   Data          16  garuda_receiver.o(.bss)
    bt_btn_value                             0x20000be1   Data          25  garuda_receiver.o(.bss)
    .bss                                     0x20000bfa   Section       24  adc.o(.bss)
    adc_reading                              0x20000bfa   Data          24  adc.o(.bss)
    .bss                                     0x20000c14   Section      112  can_protocol.o(.bss)
    .bss                                     0x20000c84   Section     1200  can_protocol.o(.bss)
    CAN1_tx_queue_items                      0x20000c84   Data        1200  can_protocol.o(.bss)
    .bss                                     0x20001134   Section     1200  can_protocol.o(.bss)
    CAN2_tx_queue_items                      0x20001134   Data        1200  can_protocol.o(.bss)
    .bss                                     0x200015e4   Section       64  uart.o(.bss)
    tx_buf_item_1                            0x200015e4   Data          64  uart.o(.bss)
    .bss                                     0x20001624   Section      768  uart.o(.bss)
    tx_buf_item_2                            0x20001624   Data         768  uart.o(.bss)
    .bss                                     0x20001924   Section       64  uart.o(.bss)
    tx_buf_item_3                            0x20001924   Data          64  uart.o(.bss)
    .bss                                     0x20001964   Section       64  uart.o(.bss)
    tx_buf_item_4                            0x20001964   Data          64  uart.o(.bss)
    .bss                                     0x200019a4   Section       64  uart.o(.bss)
    tx_buf_item_5                            0x200019a4   Data          64  uart.o(.bss)
    .bss                                     0x200019e4   Section       64  uart.o(.bss)
    tx_buf_item_6                            0x200019e4   Data          64  uart.o(.bss)
    .bss                                     0x20001a24   Section       24  uart.o(.bss)
    rxListeners                              0x20001a24   Data          24  uart.o(.bss)
    .bss                                     0x20001a3c   Section       12  spi_protocol.o(.bss)
    SpiRxListenerList                        0x20001a3c   Data          12  spi_protocol.o(.bss)
    .bss                                     0x20001a48   Section      496  gun_can_motor.o(.bss)
    enc_value                                0x20001a48   Data          64  gun_can_motor.o(.bss)
    pwm_value                                0x20001a88   Data          64  gun_can_motor.o(.bss)
    limit_pos                                0x20001ac8   Data         128  gun_can_motor.o(.bss)
    state                                    0x20001b48   Data          16  gun_can_motor.o(.bss)
    last_recv                                0x20001b58   Data          64  gun_can_motor.o(.bss)
    limit_trig                               0x20001b98   Data          32  gun_can_motor.o(.bss)
    limit_pos_update_listener                0x20001bb8   Data          64  gun_can_motor.o(.bss)
    target_reached_listener                  0x20001bf8   Data          64  gun_can_motor.o(.bss)
    .bss                                     0x20001c38   Section     1600  lcd_main.o(.bss)
    .bss                                     0x20002278   Section      400  timer.o(.bss)
    actions                                  0x20002278   Data         400  timer.o(.bss)
    STACK                                    0x20002408   Section     2048  startup_stm32f40_41xxx.o(STACK)

    Global Symbols

    Symbol Name                              Value     Ov Type        Size  Object(Section)

    BuildAttributes$$THM_ISAv4$E$P$D$K$B$S$7EM$VFPi3$EXTD16$VFPS$VFMA$PE$A:L22UL41UL21$X:L11$S22US41US21$IEEE1$IW$USESV6$~STKCKD$USESV7$~SHL$OTIME$ROPI$IEEEX$EBA8$MICROLIB$REQ8$PRES8$EABIv2 0x00000000   Number         0  anon$$obj.o ABSOLUTE
    __ARM_use_no_argv                        0x00000000   Number         0  main.o ABSOLUTE
    __cpp_initialize__aeabi_                  - Undefined Weak Reference
    __cxa_finalize                            - Undefined Weak Reference
    _clock_init                               - Undefined Weak Reference
    _microlib_exit                            - Undefined Weak Reference
    __Vectors_Size                           0x00000188   Number         0  startup_stm32f40_41xxx.o ABSOLUTE
    __Vectors                                0x08000000   Data           4  startup_stm32f40_41xxx.o(RESET)
    __Vectors_End                            0x08000188   Data           0  startup_stm32f40_41xxx.o(RESET)
    __main                                   0x08000189   Thumb Code     0  entry.o(.ARM.Collect$$$$00000000)
    _main_stk                                0x08000189   Thumb Code     0  entry2.o(.ARM.Collect$$$$00000001)
    _main_scatterload                        0x0800018d   Thumb Code     0  entry5.o(.ARM.Collect$$$$00000004)
    __main_after_scatterload                 0x08000191   Thumb Code     0  entry5.o(.ARM.Collect$$$$00000004)
    _main_clock                              0x08000191   Thumb Code     0  entry7b.o(.ARM.Collect$$$$00000008)
    _main_cpp_init                           0x08000191   Thumb Code     0  entry8b.o(.ARM.Collect$$$$0000000A)
    _main_init                               0x08000191   Thumb Code     0  entry9a.o(.ARM.Collect$$$$0000000B)
    __rt_final_cpp                           0x08000199   Thumb Code     0  entry10a.o(.ARM.Collect$$$$0000000D)
    __rt_final_exit                          0x08000199   Thumb Code     0  entry11a.o(.ARM.Collect$$$$0000000F)
    Reset_Handler                            0x0800019d   Thumb Code     8  startup_stm32f40_41xxx.o(.text)
    ADC_IRQHandler                           0x080001b7   Thumb Code     0  startup_stm32f40_41xxx.o(.text)
    CAN1_SCE_IRQHandler                      0x080001b7   Thumb Code     0  startup_stm32f40_41xxx.o(.text)
    CAN2_SCE_IRQHandler                      0x080001b7   Thumb Code     0  startup_stm32f40_41xxx.o(.text)
    CRYP_IRQHandler                          0x080001b7   Thumb Code     0  startup_stm32f40_41xxx.o(.text)
    DCMI_IRQHandler                          0x080001b7   Thumb Code     0  startup_stm32f40_41xxx.o(.text)
    DMA1_Stream0_IRQHandler                  0x080001b7   Thumb Code     0  startup_stm32f40_41xxx.o(.text)
    DMA1_Stream1_IRQHandler                  0x080001b7   Thumb Code     0  startup_stm32f40_41xxx.o(.text)
    DMA1_Stream2_IRQHandler                  0x080001b7   Thumb Code     0  startup_stm32f40_41xxx.o(.text)
    DMA1_Stream3_IRQHandler                  0x080001b7   Thumb Code     0  startup_stm32f40_41xxx.o(.text)
    DMA1_Stream4_IRQHandler                  0x080001b7   Thumb Code     0  startup_stm32f40_41xxx.o(.text)
    DMA1_Stream5_IRQHandler                  0x080001b7   Thumb Code     0  startup_stm32f40_41xxx.o(.text)
    DMA1_Stream7_IRQHandler                  0x080001b7   Thumb Code     0  startup_stm32f40_41xxx.o(.text)
    DMA2_Stream0_IRQHandler                  0x080001b7   Thumb Code     0  startup_stm32f40_41xxx.o(.text)
    DMA2_Stream1_IRQHandler                  0x080001b7   Thumb Code     0  startup_stm32f40_41xxx.o(.text)
    DMA2_Stream2_IRQHandler                  0x080001b7   Thumb Code     0  startup_stm32f40_41xxx.o(.text)
    DMA2_Stream3_IRQHandler                  0x080001b7   Thumb Code     0  startup_stm32f40_41xxx.o(.text)
    DMA2_Stream4_IRQHandler                  0x080001b7   Thumb Code     0  startup_stm32f40_41xxx.o(.text)
    DMA2_Stream5_IRQHandler                  0x080001b7   Thumb Code     0  startup_stm32f40_41xxx.o(.text)
    DMA2_Stream6_IRQHandler                  0x080001b7   Thumb Code     0  startup_stm32f40_41xxx.o(.text)
    DMA2_Stream7_IRQHandler                  0x080001b7   Thumb Code     0  startup_stm32f40_41xxx.o(.text)
    ETH_IRQHandler                           0x080001b7   Thumb Code     0  startup_stm32f40_41xxx.o(.text)
    ETH_WKUP_IRQHandler                      0x080001b7   Thumb Code     0  startup_stm32f40_41xxx.o(.text)
    EXTI0_IRQHandler                         0x080001b7   Thumb Code     0  startup_stm32f40_41xxx.o(.text)
    EXTI1_IRQHandler                         0x080001b7   Thumb Code     0  startup_stm32f40_41xxx.o(.text)
    EXTI2_IRQHandler                         0x080001b7   Thumb Code     0  startup_stm32f40_41xxx.o(.text)
    EXTI3_IRQHandler                         0x080001b7   Thumb Code     0  startup_stm32f40_41xxx.o(.text)
    EXTI4_IRQHandler                         0x080001b7   Thumb Code     0  startup_stm32f40_41xxx.o(.text)
    EXTI9_5_IRQHandler                       0x080001b7   Thumb Code     0  startup_stm32f40_41xxx.o(.text)
    FLASH_IRQHandler                         0x080001b7   Thumb Code     0  startup_stm32f40_41xxx.o(.text)
    FPU_IRQHandler                           0x080001b7   Thumb Code     0  startup_stm32f40_41xxx.o(.text)
    FSMC_IRQHandler                          0x080001b7   Thumb Code     0  startup_stm32f40_41xxx.o(.text)
    HASH_RNG_IRQHandler                      0x080001b7   Thumb Code     0  startup_stm32f40_41xxx.o(.text)
    I2C1_ER_IRQHandler                       0x080001b7   Thumb Code     0  startup_stm32f40_41xxx.o(.text)
    I2C1_EV_IRQHandler                       0x080001b7   Thumb Code     0  startup_stm32f40_41xxx.o(.text)
    I2C2_ER_IRQHandler                       0x080001b7   Thumb Code     0  startup_stm32f40_41xxx.o(.text)
    I2C2_EV_IRQHandler                       0x080001b7   Thumb Code     0  startup_stm32f40_41xxx.o(.text)
    I2C3_ER_IRQHandler                       0x080001b7   Thumb Code     0  startup_stm32f40_41xxx.o(.text)
    I2C3_EV_IRQHandler                       0x080001b7   Thumb Code     0  startup_stm32f40_41xxx.o(.text)
    OTG_FS_IRQHandler                        0x080001b7   Thumb Code     0  startup_stm32f40_41xxx.o(.text)
    OTG_FS_WKUP_IRQHandler                   0x080001b7   Thumb Code     0  startup_stm32f40_41xxx.o(.text)
    OTG_HS_EP1_IN_IRQHandler                 0x080001b7   Thumb Code     0  startup_stm32f40_41xxx.o(.text)
    OTG_HS_EP1_OUT_IRQHandler                0x080001b7   Thumb Code     0  startup_stm32f40_41xxx.o(.text)
    OTG_HS_IRQHandler                        0x080001b7   Thumb Code     0  startup_stm32f40_41xxx.o(.text)
    OTG_HS_WKUP_IRQHandler                   0x080001b7   Thumb Code     0  startup_stm32f40_41xxx.o(.text)
    PVD_IRQHandler                           0x080001b7   Thumb Code     0  startup_stm32f40_41xxx.o(.text)
    RCC_IRQHandler                           0x080001b7   Thumb Code     0  startup_stm32f40_41xxx.o(.text)
    RTC_Alarm_IRQHandler                     0x080001b7   Thumb Code     0  startup_stm32f40_41xxx.o(.text)
    RTC_WKUP_IRQHandler                      0x080001b7   Thumb Code     0  startup_stm32f40_41xxx.o(.text)
    SDIO_IRQHandler                          0x080001b7   Thumb Code     0  startup_stm32f40_41xxx.o(.text)
    TAMP_STAMP_IRQHandler                    0x080001b7   Thumb Code     0  startup_stm32f40_41xxx.o(.text)
    TIM1_BRK_TIM9_IRQHandler                 0x080001b7   Thumb Code     0  startup_stm32f40_41xxx.o(.text)
    TIM1_CC_IRQHandler                       0x080001b7   Thumb Code     0  startup_stm32f40_41xxx.o(.text)
    TIM1_TRG_COM_TIM11_IRQHandler            0x080001b7   Thumb Code     0  startup_stm32f40_41xxx.o(.text)
    TIM1_UP_TIM10_IRQHandler                 0x080001b7   Thumb Code     0  startup_stm32f40_41xxx.o(.text)
    TIM3_IRQHandler                          0x080001b7   Thumb Code     0  startup_stm32f40_41xxx.o(.text)
    TIM4_IRQHandler                          0x080001b7   Thumb Code     0  startup_stm32f40_41xxx.o(.text)
    TIM5_IRQHandler                          0x080001b7   Thumb Code     0  startup_stm32f40_41xxx.o(.text)
    TIM6_DAC_IRQHandler                      0x080001b7   Thumb Code     0  startup_stm32f40_41xxx.o(.text)
    TIM8_BRK_TIM12_IRQHandler                0x080001b7   Thumb Code     0  startup_stm32f40_41xxx.o(.text)
    TIM8_CC_IRQHandler                       0x080001b7   Thumb Code     0  startup_stm32f40_41xxx.o(.text)
    TIM8_TRG_COM_TIM14_IRQHandler            0x080001b7   Thumb Code     0  startup_stm32f40_41xxx.o(.text)
    TIM8_UP_TIM13_IRQHandler                 0x080001b7   Thumb Code     0  startup_stm32f40_41xxx.o(.text)
    WWDG_IRQHandler                          0x080001b7   Thumb Code     0  startup_stm32f40_41xxx.o(.text)
    __aeabi_uldivmod                         0x080001c1   Thumb Code    98  uldiv.o(.text)
    __aeabi_dadd                             0x08000223   Thumb Code   322  dadd.o(.text)
    __aeabi_dsub                             0x08000365   Thumb Code     6  dadd.o(.text)
    __aeabi_drsub                            0x0800036b   Thumb Code     6  dadd.o(.text)
    __aeabi_dmul                             0x08000371   Thumb Code   228  dmul.o(.text)
    __aeabi_ddiv                             0x08000455   Thumb Code   222  ddiv.o(.text)
    __aeabi_uidiv                            0x08000533   Thumb Code     0  uidiv.o(.text)
    __aeabi_uidivmod                         0x08000533   Thumb Code    44  uidiv.o(.text)
    __aeabi_llsl                             0x0800055f   Thumb Code    30  llshl.o(.text)
    _ll_shift_l                              0x0800055f   Thumb Code     0  llshl.o(.text)
    __aeabi_llsr                             0x0800057d   Thumb Code    32  llushr.o(.text)
    _ll_ushift_r                             0x0800057d   Thumb Code     0  llushr.o(.text)
    __aeabi_lasr                             0x0800059d   Thumb Code    36  llsshr.o(.text)
    _ll_sshift_r                             0x0800059d   Thumb Code     0  llsshr.o(.text)
    __I$use$fp                               0x080005c1   Thumb Code     0  iusefp.o(.text)
    _double_round                            0x080005c1   Thumb Code    30  depilogue.o(.text)
    _double_epilogue                         0x080005df   Thumb Code   156  depilogue.o(.text)
    __aeabi_d2ulz                            0x0800067b   Thumb Code    48  dfixul.o(.text)
    __aeabi_cdrcmple                         0x080006ad   Thumb Code    48  cdrcmple.o(.text)
    __scatterload                            0x080006dd   Thumb Code    28  init.o(.text)
    __scatterload_rt2                        0x080006dd   Thumb Code     0  init.o(.text)
    __decompress                             0x08000701   Thumb Code     0  __dczerorl2.o(.text)
    __decompress1                            0x08000701   Thumb Code    86  __dczerorl2.o(.text)
    ADC_Cmd                                  0x08000757   Thumb Code    18  stm32f4xx_adc.o(i.ADC_Cmd)
    ADC_CommonInit                           0x08000769   Thumb Code    36  stm32f4xx_adc.o(i.ADC_CommonInit)
    ADC_DMACmd                               0x08000795   Thumb Code    18  stm32f4xx_adc.o(i.ADC_DMACmd)
    ADC_DMARequestAfterLastTransferCmd       0x080007a7   Thumb Code    18  stm32f4xx_adc.o(i.ADC_DMARequestAfterLastTransferCmd)
    ADC_Init                                 0x080007b9   Thumb Code    80  stm32f4xx_adc.o(i.ADC_Init)
    ADC_RegularChannelConfig                 0x0800080d   Thumb Code   144  stm32f4xx_adc.o(i.ADC_RegularChannelConfig)
    ADC_SoftwareStartConv                    0x0800089d   Thumb Code    10  stm32f4xx_adc.o(i.ADC_SoftwareStartConv)
    ADC_TempSensorVrefintCmd                 0x080008a9   Thumb Code    24  stm32f4xx_adc.o(i.ADC_TempSensorVrefintCmd)
    ADC_VBATCmd                              0x080008c5   Thumb Code    24  stm32f4xx_adc.o(i.ADC_VBATCmd)
    BusFault_Handler                         0x080008e1   Thumb Code     2  stm32f4xx_it.o(i.BusFault_Handler)
    CAN1_RX0_IRQHandler                      0x080008e5   Thumb Code    86  can_protocol.o(i.CAN1_RX0_IRQHandler)
    CAN1_RX1_IRQHandler                      0x08000949   Thumb Code    86  can_protocol.o(i.CAN1_RX1_IRQHandler)
    CAN1_TX_IRQHandler                       0x080009ad   Thumb Code    36  can_protocol.o(i.CAN1_TX_IRQHandler)
    CAN2_RX0_IRQHandler                      0x080009d9   Thumb Code    90  can_protocol.o(i.CAN2_RX0_IRQHandler)
    CAN2_RX1_IRQHandler                      0x08000a41   Thumb Code    90  can_protocol.o(i.CAN2_RX1_IRQHandler)
    CAN2_TX_IRQHandler                       0x08000aa9   Thumb Code    36  can_protocol.o(i.CAN2_TX_IRQHandler)
    CAN_ClearITPendingBit                    0x08000ad5   Thumb Code   152  stm32f4xx_can.o(i.CAN_ClearITPendingBit)
    CAN_DeInit                               0x08000b71   Thumb Code    58  stm32f4xx_can.o(i.CAN_DeInit)
    CAN_FilterInit                           0x08000bad   Thumb Code   216  stm32f4xx_can.o(i.CAN_FilterInit)
    CAN_GetITStatus                          0x08000c99   Thumb Code   264  stm32f4xx_can.o(i.CAN_GetITStatus)
    CAN_ITConfig                             0x08000da5   Thumb Code    16  stm32f4xx_can.o(i.CAN_ITConfig)
    CAN_Init                                 0x08000db5   Thumb Code   242  stm32f4xx_can.o(i.CAN_Init)
    CAN_Receive                              0x08000ea7   Thumb Code   180  stm32f4xx_can.o(i.CAN_Receive)
    CAN_SlaveStartBank                       0x08000f5d   Thumb Code    40  stm32f4xx_can.o(i.CAN_SlaveStartBank)
    CAN_StructInit                           0x08000f89   Thumb Code    32  stm32f4xx_can.o(i.CAN_StructInit)
    CRC_CalcBlockCRC                         0x08000fa9   Thumb Code    26  stm32f4xx_crc.o(i.CRC_CalcBlockCRC)
    CRC_ResetDR                              0x08000fc9   Thumb Code     8  stm32f4xx_crc.o(i.CRC_ResetDR)
    DMA1_Stream6_IRQHandler                  0x08000fd5   Thumb Code    62  garuda_transmit.o(i.DMA1_Stream6_IRQHandler)
    DMA_ClearITPendingBit                    0x08001025   Thumb Code    28  stm32f4xx_dma.o(i.DMA_ClearITPendingBit)
    DMA_Cmd                                  0x08001051   Thumb Code    18  stm32f4xx_dma.o(i.DMA_Cmd)
    DMA_GetITStatus                          0x08001065   Thumb Code    74  stm32f4xx_dma.o(i.DMA_GetITStatus)
    DMA_ITConfig                             0x080010c5   Thumb Code    48  stm32f4xx_dma.o(i.DMA_ITConfig)
    DMA_Init                                 0x080010f5   Thumb Code   116  stm32f4xx_dma.o(i.DMA_Init)
    DebugMon_Handler                         0x0800116d   Thumb Code     2  stm32f4xx_it.o(i.DebugMon_Handler)
    EXTI15_10_IRQHandler                     0x08001171   Thumb Code    64  spi_xbc_mb.o(i.EXTI15_10_IRQHandler)
    EXTI_ClearITPendingBit                   0x080011b9   Thumb Code     6  stm32f4xx_exti.o(i.EXTI_ClearITPendingBit)
    EXTI_GetITStatus                         0x080011c5   Thumb Code    16  stm32f4xx_exti.o(i.EXTI_GetITStatus)
    EXTI_Init                                0x080011d9   Thumb Code   136  stm32f4xx_exti.o(i.EXTI_Init)
    GPIO_Init                                0x08001269   Thumb Code   158  stm32f4xx_gpio.o(i.GPIO_Init)
    GPIO_PinAFConfig                         0x08001307   Thumb Code    34  stm32f4xx_gpio.o(i.GPIO_PinAFConfig)
    GPIO_ReadInputDataBit                    0x08001329   Thumb Code    14  stm32f4xx_gpio.o(i.GPIO_ReadInputDataBit)
    GPIO_ResetBits                           0x08001337   Thumb Code     4  stm32f4xx_gpio.o(i.GPIO_ResetBits)
    GPIO_SetBits                             0x0800133b   Thumb Code     4  stm32f4xx_gpio.o(i.GPIO_SetBits)
    GPIO_StructInit                          0x0800133f   Thumb Code    18  stm32f4xx_gpio.o(i.GPIO_StructInit)
    HardFault_Handler                        0x08001351   Thumb Code     2  stm32f4xx_it.o(i.HardFault_Handler)
    MemManage_Handler                        0x08001353   Thumb Code     2  stm32f4xx_it.o(i.MemManage_Handler)
    NMI_Handler                              0x08001355   Thumb Code     2  stm32f4xx_it.o(i.NMI_Handler)
    NVIC_Init                                0x08001359   Thumb Code   110  misc.o(i.NVIC_Init)
    PendSV_Handler                           0x080013cd   Thumb Code     2  stm32f4xx_it.o(i.PendSV_Handler)
    RCC_AHB1PeriphClockCmd                   0x080013d1   Thumb Code    18  stm32f4xx_rcc.o(i.RCC_AHB1PeriphClockCmd)
    RCC_APB1PeriphClockCmd                   0x080013e9   Thumb Code    18  stm32f4xx_rcc.o(i.RCC_APB1PeriphClockCmd)
    RCC_APB1PeriphResetCmd                   0x08001401   Thumb Code    18  stm32f4xx_rcc.o(i.RCC_APB1PeriphResetCmd)
    RCC_APB2PeriphClockCmd                   0x08001419   Thumb Code    18  stm32f4xx_rcc.o(i.RCC_APB2PeriphClockCmd)
    RCC_APB2PeriphResetCmd                   0x08001431   Thumb Code    18  stm32f4xx_rcc.o(i.RCC_APB2PeriphResetCmd)
    RCC_GetClocksFreq                        0x08001449   Thumb Code   144  stm32f4xx_rcc.o(i.RCC_GetClocksFreq)
    SPI1_IRQHandler                          0x080014e9   Thumb Code    42  spi_protocol.o(i.SPI1_IRQHandler)
    SPI2_IRQHandler                          0x0800151d   Thumb Code    42  spi_protocol.o(i.SPI2_IRQHandler)
    SPI3_IRQHandler                          0x08001551   Thumb Code    42  spi_protocol.o(i.SPI3_IRQHandler)
    SPI_CalculateCRC                         0x08001585   Thumb Code    18  stm32f4xx_spi.o(i.SPI_CalculateCRC)
    SPI_Cmd                                  0x08001597   Thumb Code    18  stm32f4xx_spi.o(i.SPI_Cmd)
    SPI_I2S_DeInit                           0x080015a9   Thumb Code   196  stm32f4xx_spi.o(i.SPI_I2S_DeInit)
    SPI_I2S_GetFlagStatus                    0x0800166d   Thumb Code    14  stm32f4xx_spi.o(i.SPI_I2S_GetFlagStatus)
    SPI_I2S_GetITStatus                      0x0800167b   Thumb Code    46  stm32f4xx_spi.o(i.SPI_I2S_GetITStatus)
    SPI_I2S_ITConfig                         0x080016a9   Thumb Code    26  stm32f4xx_spi.o(i.SPI_I2S_ITConfig)
    SPI_I2S_ReceiveData                      0x080016c3   Thumb Code     4  stm32f4xx_spi.o(i.SPI_I2S_ReceiveData)
    SPI_I2S_SendData                         0x080016c7   Thumb Code     4  stm32f4xx_spi.o(i.SPI_I2S_SendData)
    SPI_Init                                 0x080016cb   Thumb Code    84  stm32f4xx_spi.o(i.SPI_Init)
    SPI_NSSInternalSoftwareConfig            0x0800171f   Thumb Code    22  stm32f4xx_spi.o(i.SPI_NSSInternalSoftwareConfig)
    SPI_SSOutputCmd                          0x08001735   Thumb Code    18  stm32f4xx_spi.o(i.SPI_SSOutputCmd)
    SVC_Handler                              0x08001747   Thumb Code     2  stm32f4xx_it.o(i.SVC_Handler)
    SYSCFG_EXTILineConfig                    0x08001749   Thumb Code    46  stm32f4xx_syscfg.o(i.SYSCFG_EXTILineConfig)
    Sqrt                                     0x08001779   Thumb Code   116  approx_math.o(i.Sqrt)
    SysTick_Handler                          0x080017f1   Thumb Code     2  stm32f4xx_it.o(i.SysTick_Handler)
    SystemCoreClockUpdate                    0x080017f5   Thumb Code   110  system_stm32f4xx.o(i.SystemCoreClockUpdate)
    SystemInit                               0x08001879   Thumb Code   280  system_stm32f4xx.o(i.SystemInit)
    TIM2_IRQHandler                          0x080019bd   Thumb Code    36  ticks.o(i.TIM2_IRQHandler)
    TIM7_IRQHandler                          0x080019e5   Thumb Code   234  timer.o(i.TIM7_IRQHandler)
    TIM_ARRPreloadConfig                     0x08001ae1   Thumb Code    18  stm32f4xx_tim.o(i.TIM_ARRPreloadConfig)
    TIM_ClearITPendingBit                    0x08001af3   Thumb Code     6  stm32f4xx_tim.o(i.TIM_ClearITPendingBit)
    TIM_Cmd                                  0x08001af9   Thumb Code    18  stm32f4xx_tim.o(i.TIM_Cmd)
    TIM_GetITStatus                          0x08001b0b   Thumb Code    22  stm32f4xx_tim.o(i.TIM_GetITStatus)
    TIM_ITConfig                             0x08001b21   Thumb Code    16  stm32f4xx_tim.o(i.TIM_ITConfig)
    TIM_SetAutoreload                        0x08001b31   Thumb Code     4  stm32f4xx_tim.o(i.TIM_SetAutoreload)
    TIM_SetCounter                           0x08001b35   Thumb Code     4  stm32f4xx_tim.o(i.TIM_SetCounter)
    TIM_TimeBaseInit                         0x08001b39   Thumb Code   120  stm32f4xx_tim.o(i.TIM_TimeBaseInit)
    UART4_IRQHandler                         0x08001bb9   Thumb Code    88  uart.o(i.UART4_IRQHandler)
    UART5_IRQHandler                         0x08001c1d   Thumb Code    86  uart.o(i.UART5_IRQHandler)
    USART1_IRQHandler                        0x08001c7d   Thumb Code    86  uart.o(i.USART1_IRQHandler)
    USART2_IRQHandler                        0x08001cdd   Thumb Code    88  uart.o(i.USART2_IRQHandler)
    USART3_IRQHandler                        0x08001d41   Thumb Code    88  uart.o(i.USART3_IRQHandler)
    USART6_IRQHandler                        0x08001da5   Thumb Code    88  uart.o(i.USART6_IRQHandler)
    USART_ClearITPendingBit                  0x08001e09   Thumb Code    14  stm32f4xx_usart.o(i.USART_ClearITPendingBit)
    USART_Cmd                                0x08001e17   Thumb Code    18  stm32f4xx_usart.o(i.USART_Cmd)
    USART_DMACmd                             0x08001e29   Thumb Code    16  stm32f4xx_usart.o(i.USART_DMACmd)
    USART_GetFlagStatus                      0x08001e39   Thumb Code    14  stm32f4xx_usart.o(i.USART_GetFlagStatus)
    USART_GetITStatus                        0x08001e47   Thumb Code    66  stm32f4xx_usart.o(i.USART_GetITStatus)
    USART_ITConfig                           0x08001e89   Thumb Code    48  stm32f4xx_usart.o(i.USART_ITConfig)
    USART_Init                               0x08001eb9   Thumb Code   180  stm32f4xx_usart.o(i.USART_Init)
    USART_ReceiveData                        0x08001f71   Thumb Code     8  stm32f4xx_usart.o(i.USART_ReceiveData)
    UsageFault_Handler                       0x08001f79   Thumb Code     2  stm32f4xx_it.o(i.UsageFault_Handler)
    __0vsprintf                              0x08001f7d   Thumb Code    30  printfa.o(i.__0vsprintf)
    __1vsprintf                              0x08001f7d   Thumb Code     0  printfa.o(i.__0vsprintf)
    __2vsprintf                              0x08001f7d   Thumb Code     0  printfa.o(i.__0vsprintf)
    __c89vsprintf                            0x08001f7d   Thumb Code     0  printfa.o(i.__0vsprintf)
    vsprintf                                 0x08001f7d   Thumb Code     0  printfa.o(i.__0vsprintf)
    __scatterload_copy                       0x08001fa1   Thumb Code    14  handlers.o(i.__scatterload_copy)
    __scatterload_null                       0x08001faf   Thumb Code     2  handlers.o(i.__scatterload_null)
    __scatterload_zeroinit                   0x08001fb1   Thumb Code    14  handlers.o(i.__scatterload_zeroinit)
    _delay_ms                                0x08001fbf   Thumb Code    26  ticks.o(i._delay_ms)
    adc_init                                 0x08002895   Thumb Code   372  adc.o(i.adc_init)
    bt_gar_rx_handler                        0x08002a19   Thumb Code    76  garuda_receiver.o(i.bt_gar_rx_handler)
    btn_init                                 0x08002a79   Thumb Code    38  button.o(i.btn_init)
    buzzer_init                              0x08002aa5   Thumb Code    22  buzzer.o(i.buzzer_init)
    can_init                                 0x08002d69   Thumb Code   294  can_protocol.o(i.can_init)
    can_rx_add_filter                        0x08002ea9   Thumb Code   112  can_protocol.o(i.can_rx_add_filter)
    can_rx_init                              0x08002f21   Thumb Code   128  can_protocol.o(i.can_rx_init)
    can_tx_enqueue                           0x08002fa9   Thumb Code   108  can_protocol.o(i.can_tx_enqueue)
    debug                                    0x08003021   Thumb Code   518  main.o(i.debug)
    gar_button_pressed                       0x08003379   Thumb Code    78  garuda_receiver.o(i.gar_button_pressed)
    gar_button_update                        0x080033d1   Thumb Code   174  garuda_receiver.o(i.gar_button_update)
    gar_get_connection                       0x08003491   Thumb Code    68  garuda_receiver.o(i.gar_get_connection)
    gar_get_joy                              0x080034dd   Thumb Code    82  garuda_receiver.o(i.gar_get_joy)
    gar_spi_schedule_next                    0x08003539   Thumb Code   120  garuda_transmit.o(i.gar_spi_schedule_next)
    garuda_init                              0x080035bd   Thumb Code   162  garuda_receiver.o(i.garuda_init)
    garuda_tft_init                          0x08003671   Thumb Code    18  garuda_tft.o(i.garuda_tft_init)
    garuda_transmit_init                     0x08003689   Thumb Code   136  garuda_transmit.o(i.garuda_transmit_init)
    getPinSource                             0x08003725   Thumb Code   152  gpio.o(i.getPinSource)
    gpio_af_init                             0x080037bd   Thumb Code    74  gpio.o(i.gpio_af_init)
    gpio_init                                0x08003807   Thumb Code    40  gpio.o(i.gpio_init)
    gpio_input_init                          0x0800382f   Thumb Code    40  gpio.o(i.gpio_input_init)
    gpio_output_init                         0x08003857   Thumb Code    52  gpio.o(i.gpio_output_init)
    gpio_rcc_init                            0x0800388d   Thumb Code   112  gpio.o(i.gpio_rcc_init)
    gpio_rcc_init_all                        0x08003901   Thumb Code    62  gpio.o(i.gpio_rcc_init_all)
    gun_can_get_encoder                      0x08003941   Thumb Code     8  gun_can_motor.o(i.gun_can_get_encoder)
    gun_can_get_pwm                          0x0800394d   Thumb Code     8  gun_can_motor.o(i.gun_can_get_pwm)
    gun_can_motor_init                       0x08003959   Thumb Code    22  gun_can_motor.o(i.gun_can_motor_init)
    gun_can_motor_set_pos                    0x08003975   Thumb Code    48  gun_can_motor.o(i.gun_can_motor_set_pos)
    gun_can_motor_set_vel                    0x080039a5   Thumb Code    58  gun_can_motor.o(i.gun_can_motor_set_vel)
    gun_set_PID                              0x080039df   Thumb Code    30  gun_can_motor.o(i.gun_set_PID)
    int_arc_tan                              0x080039fd   Thumb Code   274  approx_math.o(i.int_arc_tan)
    int_arc_tan2                             0x08003b19   Thumb Code    74  approx_math.o(i.int_arc_tan2)
    int_sin                                  0x08003b65   Thumb Code   128  approx_math.o(i.int_sin)
    led_init                                 0x08003bed   Thumb Code    36  led.o(i.led_init)
    main                                     0x08003c15   Thumb Code   606  main.o(i.main)
    motor_rotate                             0x08003e9d   Thumb Code    22  main.o(i.motor_rotate)
    motor_translate                          0x08003eb9   Thumb Code    92  main.o(i.motor_translate)
    motor_update                             0x08003f19   Thumb Code   538  main.o(i.motor_update)
    motor_update_debug                       0x08004145   Thumb Code   510  main.o(i.motor_update_debug)
    spi_gar_rx_handler                       0x08004355   Thumb Code    82  garuda_receiver.o(i.spi_gar_rx_handler)
    spi_init                                 0x080043f1   Thumb Code   264  spi_protocol.o(i.spi_init)
    spi_rx_set_handler                       0x08004511   Thumb Code    96  spi_protocol.o(i.spi_rx_set_handler)
    spi_tx_byte                              0x08004579   Thumb Code   106  spi_protocol.o(i.spi_tx_byte)
    tft_clear                                0x080045e9   Thumb Code   120  lcd_main.o(i.tft_clear)
    tft_fill_color                           0x08004669   Thumb Code    68  lcd_main.o(i.tft_fill_color)
    tft_get_orientation                      0x080046b1   Thumb Code     6  lcd_main.o(i.tft_get_orientation)
    tft_init                                 0x080046bd   Thumb Code   772  lcd_main.o(i.tft_init)
    tft_println                              0x080049d1   Thumb Code    54  lcd_main.o(i.tft_println)
    tft_update                               0x08004b15   Thumb Code   504  lcd_main.o(i.tft_update)
    ticks_init                               0x08004d8d   Thumb Code   100  ticks.o(i.ticks_init)
    timer_init                               0x08004df5   Thumb Code   118  timer.o(i.timer_init)
    uart_init                                0x08004e79   Thumb Code   186  uart.o(i.uart_init)
    uart_interrupt_init                      0x08004f39   Thumb Code     8  uart.o(i.uart_interrupt_init)
    uart_tx                                  0x08004f45   Thumb Code    94  uart.o(i.uart_tx)
    uart_tx_byte                             0x08004fa9   Thumb Code   130  uart.o(i.uart_tx_byte)
    PA0                                      0x080053a0   Data           8  gpio.o(.constdata)
    PA1                                      0x080053a8   Data           8  gpio.o(.constdata)
    PA2                                      0x080053b0   Data           8  gpio.o(.constdata)
    PA3                                      0x080053b8   Data           8  gpio.o(.constdata)
    PA4                                      0x080053c0   Data           8  gpio.o(.constdata)
    PA5                                      0x080053c8   Data           8  gpio.o(.constdata)
    PA6                                      0x080053d0   Data           8  gpio.o(.constdata)
    PA7                                      0x080053d8   Data           8  gpio.o(.constdata)
    PA8                                      0x080053e0   Data           8  gpio.o(.constdata)
    PA9                                      0x080053e8   Data           8  gpio.o(.constdata)
    PA10                                     0x080053f0   Data           8  gpio.o(.constdata)
    PA11                                     0x080053f8   Data           8  gpio.o(.constdata)
    PA12                                     0x08005400   Data           8  gpio.o(.constdata)
    PB5                                      0x08005408   Data           8  gpio.o(.constdata)
    PB6                                      0x08005410   Data           8  gpio.o(.constdata)
    PB10                                     0x08005418   Data           8  gpio.o(.constdata)
    PB11                                     0x08005420   Data           8  gpio.o(.constdata)
    PB12                                     0x08005428   Data           8  gpio.o(.constdata)
    PB13                                     0x08005430   Data           8  gpio.o(.constdata)
    PB14                                     0x08005438   Data           8  gpio.o(.constdata)
    PB15                                     0x08005440   Data           8  gpio.o(.constdata)
    PC0                                      0x08005448   Data           8  gpio.o(.constdata)
    PC1                                      0x08005450   Data           8  gpio.o(.constdata)
    PC2                                      0x08005458   Data           8  gpio.o(.constdata)
    PC3                                      0x08005460   Data           8  gpio.o(.constdata)
    PC4                                      0x08005468   Data           8  gpio.o(.constdata)
    PC5                                      0x08005470   Data           8  gpio.o(.constdata)
    PC10                                     0x08005478   Data           8  gpio.o(.constdata)
    PC11                                     0x08005480   Data           8  gpio.o(.constdata)
    PC12                                     0x08005488   Data           8  gpio.o(.constdata)
    PC13                                     0x08005490   Data           8  gpio.o(.constdata)
    PC14                                     0x08005498   Data           8  gpio.o(.constdata)
    PC15                                     0x080054a0   Data           8  gpio.o(.constdata)
    PD0                                      0x080054a8   Data           8  gpio.o(.constdata)
    PD1                                      0x080054b0   Data           8  gpio.o(.constdata)
    PD2                                      0x080054b8   Data           8  gpio.o(.constdata)
    PD3                                      0x080054c0   Data           8  gpio.o(.constdata)
    PD4                                      0x080054c8   Data           8  gpio.o(.constdata)
    PD5                                      0x080054d0   Data           8  gpio.o(.constdata)
    PD6                                      0x080054d8   Data           8  gpio.o(.constdata)
    PD7                                      0x080054e0   Data           8  gpio.o(.constdata)
    PF2                                      0x080054e8   Data           8  gpio.o(.constdata)
    PF3                                      0x080054f0   Data           8  gpio.o(.constdata)
    PF4                                      0x080054f8   Data           8  gpio.o(.constdata)
    PF5                                      0x08005500   Data           8  gpio.o(.constdata)
    PF6                                      0x08005508   Data           8  gpio.o(.constdata)
    PG9                                      0x08005510   Data           8  gpio.o(.constdata)
    PG14                                     0x08005518   Data           8  gpio.o(.constdata)
    Region$$Table$$Base                      0x08005558   Number         0  anon$$obj.o(Region$$Table)
    Region$$Table$$Limit                     0x08005578   Number         0  anon$$obj.o(Region$$Table)
    IsClockFucked                            0x20000010   Data           1  system_stm32f4xx.o(.data)
    SystemCoreClock                          0x20000014   Data           4  system_stm32f4xx.o(.data)
    AHBPrescTable                            0x20000018   Data          16  system_stm32f4xx.o(.data)
    reverse                                  0x20000028   Data           1  main.o(.data)
    mode                                     0x2000002a   Data           2  main.o(.data)
    ACCEL_Fake                               0x2000002c   Data           2  main.o(.data)
    ACCEL                                    0x2000002e   Data           2  main.o(.data)
    i                                        0x20000030   Data           2  main.o(.data)
    accel_count                              0x20000032   Data           2  main.o(.data)
    decel_count                              0x20000034   Data           2  main.o(.data)
    joy_y                                    0x20000036   Data           2  main.o(.data)
    cur_y                                    0x20000038   Data           2  main.o(.data)
    joy_dir                                  0x2000003a   Data           2  main.o(.data)
    joy_x                                    0x2000003c   Data           2  main.o(.data)
    cur_x                                    0x2000003e   Data           2  main.o(.data)
    MAX_VEL                                  0x20000040   Data           4  main.o(.data)
    MAX_VEL_PRESC                            0x20000044   Data           4  main.o(.data)
    PID_KP                                   0x20000048   Data           4  main.o(.data)
    PID_KI                                   0x2000004c   Data           4  main.o(.data)
    PID_KD                                   0x20000050   Data           4  main.o(.data)
    en1                                      0x20000054   Data           4  main.o(.data)
    en2                                      0x20000058   Data           4  main.o(.data)
    en3                                      0x2000005c   Data           4  main.o(.data)
    old_en1                                  0x20000060   Data           4  main.o(.data)
    old_en2                                  0x20000064   Data           4  main.o(.data)
    old_en3                                  0x20000068   Data           4  main.o(.data)
    ticks_img                                0x2000006c   Data           4  main.o(.data)
    joy_vel                                  0x20000070   Data           4  main.o(.data)
    joy_cur_vel                              0x20000074   Data           4  main.o(.data)
    garuda_tft_buf                           0x200000a8   Data         160  garuda_tft.o(.data)
    tft_tx_selection                         0x2000014b   Data           1  garuda_transmit.o(.data)
    tan_val                                  0x2000014e   Data         182  approx_math.o(.data)
    cos_val                                  0x20000204   Data         182  approx_math.o(.data)
    CAN_tx_queue                             0x200002d0   Data          16  can_protocol.o(.data)
    msTicks                                  0x20000328   Data           4  ticks.o(.data)
    tft_orientation                          0x20000364   Data           1  lcd_main.o(.data)
    tft_enabled                              0x20000365   Data           1  lcd_main.o(.data)
    tft_y_index                              0x20000366   Data           1  lcd_main.o(.data)
    char_max_x                               0x20000369   Data           1  lcd_main.o(.data)
    char_max_y                               0x2000036a   Data           1  lcd_main.o(.data)
    cur_screen                               0x2000036b   Data           1  lcd_main.o(.data)
    next_screen                              0x2000036c   Data           1  lcd_main.o(.data)
    curr_bg_color                            0x2000036e   Data           2  lcd_main.o(.data)
    curr_text_color                          0x20000370   Data           2  lcd_main.o(.data)
    curr_text_color_sp                       0x20000372   Data           2  lcd_main.o(.data)
    ascii_8x16                               0x20000384   Data        1536  lcd_main.o(.data)
    base_raw_vel                             0x200009a8   Data          12  main.o(.bss)
    CAN_Rx_Handlers                          0x20000c14   Data         112  can_protocol.o(.bss)
    text_buf                                 0x20001c38   Data         320  lcd_main.o(.bss)
    text_color_buf                           0x20001d78   Data         640  lcd_main.o(.bss)
    bg_color_buf                             0x20001ff8   Data         640  lcd_main.o(.bss)
    __initial_sp                             0x20002c08   Data           0  startup_stm32f40_41xxx.o(STACK)



==============================================================================

Memory Map of the image

  Image Entry point : 0x08000189

  Load Region LR_IROM1 (Base: 0x08000000, Size: 0x00005f20, Max: 0x00100000, ABSOLUTE, COMPRESSED[0x00005a34])

    Execution Region ER_IROM1 (Base: 0x08000000, Size: 0x00005578, Max: 0x00100000, ABSOLUTE)

    Base Addr    Size         Type   Attr      Idx    E Section Name        Object

    0x08000000   0x00000188   Data   RO         5427    RESET               startup_stm32f40_41xxx.o
    0x08000188   0x00000000   Code   RO         8158  * .ARM.Collect$$$$00000000  mc_w.l(entry.o)
    0x08000188   0x00000004   Code   RO         8285    .ARM.Collect$$$$00000001  mc_w.l(entry2.o)
    0x0800018c   0x00000004   Code   RO         8288    .ARM.Collect$$$$00000004  mc_w.l(entry5.o)
    0x08000190   0x00000000   Code   RO         8290    .ARM.Collect$$$$00000008  mc_w.l(entry7b.o)
    0x08000190   0x00000000   Code   RO         8292    .ARM.Collect$$$$0000000A  mc_w.l(entry8b.o)
    0x08000190   0x00000008   Code   RO         8293    .ARM.Collect$$$$0000000B  mc_w.l(entry9a.o)
    0x08000198   0x00000000   Code   RO         8295    .ARM.Collect$$$$0000000D  mc_w.l(entry10a.o)
    0x08000198   0x00000000   Code   RO         8297    .ARM.Collect$$$$0000000F  mc_w.l(entry11a.o)
    0x08000198   0x00000004   Code   RO         8286    .ARM.Collect$$$$00002712  mc_w.l(entry2.o)
    0x0800019c   0x00000024   Code   RO         5428    .text               startup_stm32f40_41xxx.o
    0x080001c0   0x00000062   Code   RO         8161    .text               mc_w.l(uldiv.o)
    0x08000222   0x0000014e   Code   RO         8219    .text               mf_w.l(dadd.o)
    0x08000370   0x000000e4   Code   RO         8221    .text               mf_w.l(dmul.o)
    0x08000454   0x000000de   Code   RO         8223    .text               mf_w.l(ddiv.o)
    0x08000532   0x0000002c   Code   RO         8302    .text               mc_w.l(uidiv.o)
    0x0800055e   0x0000001e   Code   RO         8304    .text               mc_w.l(llshl.o)
    0x0800057c   0x00000020   Code   RO         8306    .text               mc_w.l(llushr.o)
    0x0800059c   0x00000024   Code   RO         8308    .text               mc_w.l(llsshr.o)
    0x080005c0   0x00000000   Code   RO         8323    .text               mc_w.l(iusefp.o)
    0x080005c0   0x000000ba   Code   RO         8324    .text               mf_w.l(depilogue.o)
    0x0800067a   0x00000030   Code   RO         8328    .text               mf_w.l(dfixul.o)
    0x080006aa   0x00000002   PAD
    0x080006ac   0x00000030   Code   RO         8330    .text               mf_w.l(cdrcmple.o)
    0x080006dc   0x00000024   Code   RO         8342    .text               mc_w.l(init.o)
    0x08000700   0x00000056   Code   RO         8356    .text               mc_w.l(__dczerorl2.o)
    0x08000756   0x00000012   Code   RO           10    i.ADC_Cmd           stm32f4xx_adc.o
    0x08000768   0x0000002c   Code   RO           11    i.ADC_CommonInit    stm32f4xx_adc.o
    0x08000794   0x00000012   Code   RO           14    i.ADC_DMACmd        stm32f4xx_adc.o
    0x080007a6   0x00000012   Code   RO           15    i.ADC_DMARequestAfterLastTransferCmd  stm32f4xx_adc.o
    0x080007b8   0x00000054   Code   RO           30    i.ADC_Init          stm32f4xx_adc.o
    0x0800080c   0x00000090   Code   RO           35    i.ADC_RegularChannelConfig  stm32f4xx_adc.o
    0x0800089c   0x0000000a   Code   RO           37    i.ADC_SoftwareStartConv  stm32f4xx_adc.o
    0x080008a6   0x00000002   PAD
    0x080008a8   0x0000001c   Code   RO           40    i.ADC_TempSensorVrefintCmd  stm32f4xx_adc.o
    0x080008c4   0x0000001c   Code   RO           41    i.ADC_VBATCmd       stm32f4xx_adc.o
    0x080008e0   0x00000002   Code   RO         5092    i.BusFault_Handler  stm32f4xx_it.o
    0x080008e2   0x00000002   PAD
    0x080008e4   0x00000064   Code   RO         5975    i.CAN1_RX0_IRQHandler  can_protocol.o
    0x08000948   0x00000064   Code   RO         5976    i.CAN1_RX1_IRQHandler  can_protocol.o
    0x080009ac   0x0000002c   Code   RO         5977    i.CAN1_TX_IRQHandler  can_protocol.o
    0x080009d8   0x00000068   Code   RO         5978    i.CAN2_RX0_IRQHandler  can_protocol.o
    0x08000a40   0x00000068   Code   RO         5979    i.CAN2_RX1_IRQHandler  can_protocol.o
    0x08000aa8   0x0000002c   Code   RO         5980    i.CAN2_TX_IRQHandler  can_protocol.o
    0x08000ad4   0x0000009c   Code   RO          359    i.CAN_ClearITPendingBit  stm32f4xx_can.o
    0x08000b70   0x0000003a   Code   RO          361    i.CAN_DeInit        stm32f4xx_can.o
    0x08000baa   0x00000002   PAD
    0x08000bac   0x000000ec   Code   RO          363    i.CAN_FilterInit    stm32f4xx_can.o
    0x08000c98   0x0000010c   Code   RO          365    i.CAN_GetITStatus   stm32f4xx_can.o
    0x08000da4   0x00000010   Code   RO          369    i.CAN_ITConfig      stm32f4xx_can.o
    0x08000db4   0x000000f2   Code   RO          370    i.CAN_Init          stm32f4xx_can.o
    0x08000ea6   0x000000b4   Code   RO          373    i.CAN_Receive       stm32f4xx_can.o
    0x08000f5a   0x00000002   PAD
    0x08000f5c   0x0000002c   Code   RO          374    i.CAN_SlaveStartBank  stm32f4xx_can.o
    0x08000f88   0x00000020   Code   RO          376    i.CAN_StructInit    stm32f4xx_can.o
    0x08000fa8   0x00000020   Code   RO          546    i.CRC_CalcBlockCRC  stm32f4xx_crc.o
    0x08000fc8   0x0000000c   Code   RO          550    i.CRC_ResetDR       stm32f4xx_crc.o
    0x08000fd4   0x00000050   Code   RO         5723    i.DMA1_Stream6_IRQHandler  garuda_transmit.o
    0x08001024   0x0000002c   Code   RO         1132    i.DMA_ClearITPendingBit  stm32f4xx_dma.o
    0x08001050   0x00000012   Code   RO         1133    i.DMA_Cmd           stm32f4xx_dma.o
    0x08001062   0x00000002   PAD
    0x08001064   0x00000060   Code   RO         1143    i.DMA_GetITStatus   stm32f4xx_dma.o
    0x080010c4   0x00000030   Code   RO         1144    i.DMA_ITConfig      stm32f4xx_dma.o
    0x080010f4   0x00000078   Code   RO         1145    i.DMA_Init          stm32f4xx_dma.o
    0x0800116c   0x00000002   Code   RO         5093    i.DebugMon_Handler  stm32f4xx_it.o
    0x0800116e   0x00000002   PAD
    0x08001170   0x00000048   Code   RO         7685    i.EXTI15_10_IRQHandler  spi_xbc_mb.o
    0x080011b8   0x0000000c   Code   RO         1423    i.EXTI_ClearITPendingBit  stm32f4xx_exti.o
    0x080011c4   0x00000014   Code   RO         1427    i.EXTI_GetITStatus  stm32f4xx_exti.o
    0x080011d8   0x00000090   Code   RO         1428    i.EXTI_Init         stm32f4xx_exti.o
    0x08001268   0x0000009e   Code   RO         1945    i.GPIO_Init         stm32f4xx_gpio.o
    0x08001306   0x00000022   Code   RO         1946    i.GPIO_PinAFConfig  stm32f4xx_gpio.o
    0x08001328   0x0000000e   Code   RO         1949    i.GPIO_ReadInputDataBit  stm32f4xx_gpio.o
    0x08001336   0x00000004   Code   RO         1952    i.GPIO_ResetBits    stm32f4xx_gpio.o
    0x0800133a   0x00000004   Code   RO         1953    i.GPIO_SetBits      stm32f4xx_gpio.o
    0x0800133e   0x00000012   Code   RO         1954    i.GPIO_StructInit   stm32f4xx_gpio.o
    0x08001350   0x00000002   Code   RO         5094    i.HardFault_Handler  stm32f4xx_it.o
    0x08001352   0x00000002   Code   RO         5095    i.MemManage_Handler  stm32f4xx_it.o
    0x08001354   0x00000002   Code   RO         5096    i.NMI_Handler       stm32f4xx_it.o
    0x08001356   0x00000002   PAD
    0x08001358   0x00000074   Code   RO         5341    i.NVIC_Init         misc.o
    0x080013cc   0x00000002   Code   RO         5097    i.PendSV_Handler    stm32f4xx_it.o
    0x080013ce   0x00000002   PAD
    0x080013d0   0x00000018   Code   RO         2886    i.RCC_AHB1PeriphClockCmd  stm32f4xx_rcc.o
    0x080013e8   0x00000018   Code   RO         2895    i.RCC_APB1PeriphClockCmd  stm32f4xx_rcc.o
    0x08001400   0x00000018   Code   RO         2897    i.RCC_APB1PeriphResetCmd  stm32f4xx_rcc.o
    0x08001418   0x00000018   Code   RO         2898    i.RCC_APB2PeriphClockCmd  stm32f4xx_rcc.o
    0x08001430   0x00000018   Code   RO         2900    i.RCC_APB2PeriphResetCmd  stm32f4xx_rcc.o
    0x08001448   0x000000a0   Code   RO         2907    i.RCC_GetClocksFreq  stm32f4xx_rcc.o
    0x080014e8   0x00000034   Code   RO         6650    i.SPI1_IRQHandler   spi_protocol.o
    0x0800151c   0x00000034   Code   RO         6651    i.SPI2_IRQHandler   spi_protocol.o
    0x08001550   0x00000034   Code   RO         6652    i.SPI3_IRQHandler   spi_protocol.o
    0x08001584   0x00000012   Code   RO         4050    i.SPI_CalculateCRC  stm32f4xx_spi.o
    0x08001596   0x00000012   Code   RO         4051    i.SPI_Cmd           stm32f4xx_spi.o
    0x080015a8   0x000000c4   Code   RO         4058    i.SPI_I2S_DeInit    stm32f4xx_spi.o
    0x0800166c   0x0000000e   Code   RO         4059    i.SPI_I2S_GetFlagStatus  stm32f4xx_spi.o
    0x0800167a   0x0000002e   Code   RO         4060    i.SPI_I2S_GetITStatus  stm32f4xx_spi.o
    0x080016a8   0x0000001a   Code   RO         4061    i.SPI_I2S_ITConfig  stm32f4xx_spi.o
    0x080016c2   0x00000004   Code   RO         4062    i.SPI_I2S_ReceiveData  stm32f4xx_spi.o
    0x080016c6   0x00000004   Code   RO         4063    i.SPI_I2S_SendData  stm32f4xx_spi.o
    0x080016ca   0x00000054   Code   RO         4064    i.SPI_Init          stm32f4xx_spi.o
    0x0800171e   0x00000016   Code   RO         4065    i.SPI_NSSInternalSoftwareConfig  stm32f4xx_spi.o
    0x08001734   0x00000012   Code   RO         4066    i.SPI_SSOutputCmd   stm32f4xx_spi.o
    0x08001746   0x00000002   Code   RO         5098    i.SVC_Handler       stm32f4xx_it.o
    0x08001748   0x0000002e   Code   RO         4219    i.SYSCFG_EXTILineConfig  stm32f4xx_syscfg.o
    0x08001776   0x00000002   PAD
    0x08001778   0x00000078   Code   RO         5904    i.Sqrt              approx_math.o
    0x080017f0   0x00000002   Code   RO         5099    i.SysTick_Handler   stm32f4xx_it.o
    0x080017f2   0x00000002   PAD
    0x080017f4   0x00000084   Code   RO         5392    i.SystemCoreClockUpdate  system_stm32f4xx.o
    0x08001878   0x00000144   Code   RO         5393    i.SystemInit        system_stm32f4xx.o
    0x080019bc   0x00000028   Code   RO         6332    i.TIM2_IRQHandler   ticks.o
    0x080019e4   0x000000fc   Code   RO         7596    i.TIM7_IRQHandler   timer.o
    0x08001ae0   0x00000012   Code   RO         4280    i.TIM_ARRPreloadConfig  stm32f4xx_tim.o
    0x08001af2   0x00000006   Code   RO         4287    i.TIM_ClearITPendingBit  stm32f4xx_tim.o
    0x08001af8   0x00000012   Code   RO         4292    i.TIM_Cmd           stm32f4xx_tim.o
    0x08001b0a   0x00000016   Code   RO         4313    i.TIM_GetITStatus   stm32f4xx_tim.o
    0x08001b20   0x00000010   Code   RO         4317    i.TIM_ITConfig      stm32f4xx_tim.o
    0x08001b30   0x00000004   Code   RO         4352    i.TIM_SetAutoreload  stm32f4xx_tim.o
    0x08001b34   0x00000004   Code   RO         4358    i.TIM_SetCounter    stm32f4xx_tim.o
    0x08001b38   0x00000080   Code   RO         4364    i.TIM_TimeBaseInit  stm32f4xx_tim.o
    0x08001bb8   0x00000064   Code   RO         6150    i.UART4_IRQHandler  uart.o
    0x08001c1c   0x00000060   Code   RO         6151    i.UART5_IRQHandler  uart.o
    0x08001c7c   0x00000060   Code   RO         6152    i.USART1_IRQHandler  uart.o
    0x08001cdc   0x00000064   Code   RO         6153    i.USART2_IRQHandler  uart.o
    0x08001d40   0x00000064   Code   RO         6154    i.USART3_IRQHandler  uart.o
    0x08001da4   0x00000064   Code   RO         6155    i.USART6_IRQHandler  uart.o
    0x08001e08   0x0000000e   Code   RO         4829    i.USART_ClearITPendingBit  stm32f4xx_usart.o
    0x08001e16   0x00000012   Code   RO         4832    i.USART_Cmd         stm32f4xx_usart.o
    0x08001e28   0x00000010   Code   RO         4833    i.USART_DMACmd      stm32f4xx_usart.o
    0x08001e38   0x0000000e   Code   RO         4835    i.USART_GetFlagStatus  stm32f4xx_usart.o
    0x08001e46   0x00000042   Code   RO         4836    i.USART_GetITStatus  stm32f4xx_usart.o
    0x08001e88   0x00000030   Code   RO         4838    i.USART_ITConfig    stm32f4xx_usart.o
    0x08001eb8   0x000000b8   Code   RO         4839    i.USART_Init        stm32f4xx_usart.o
    0x08001f70   0x00000008   Code   RO         4846    i.USART_ReceiveData  stm32f4xx_usart.o
    0x08001f78   0x00000002   Code   RO         5100    i.UsageFault_Handler  stm32f4xx_it.o
    0x08001f7a   0x00000002   PAD
    0x08001f7c   0x00000024   Code   RO         8170    i.__0vsprintf       mc_w.l(printfa.o)
    0x08001fa0   0x0000000e   Code   RO         8350    i.__scatterload_copy  mc_w.l(handlers.o)
    0x08001fae   0x00000002   Code   RO         8351    i.__scatterload_null  mc_w.l(handlers.o)
    0x08001fb0   0x0000000e   Code   RO         8352    i.__scatterload_zeroinit  mc_w.l(handlers.o)
    0x08001fbe   0x0000001a   Code   RO         6333    i._delay_ms         ticks.o
    0x08001fd8   0x00000184   Code   RO         8171    i._fp_digits        mc_w.l(printfa.o)
    0x0800215c   0x000006dc   Code   RO         8172    i._printf_core      mc_w.l(printfa.o)
    0x08002838   0x00000024   Code   RO         8173    i._printf_post_padding  mc_w.l(printfa.o)
    0x0800285c   0x0000002e   Code   RO         8174    i._printf_pre_padding  mc_w.l(printfa.o)
    0x0800288a   0x0000000a   Code   RO         8176    i._sputc            mc_w.l(printfa.o)
    0x08002894   0x00000184   Code   RO         5858    i.adc_init          adc.o
    0x08002a18   0x00000060   Code   RO         5543    i.bt_gar_rx_handler  garuda_receiver.o
    0x08002a78   0x0000002c   Code   RO         6725    i.btn_init          button.o
    0x08002aa4   0x0000001c   Code   RO         6800    i.buzzer_init       buzzer.o
    0x08002ac0   0x00000154   Code   RO         5981    i.can1_tx_dequeue   can_protocol.o
    0x08002c14   0x00000154   Code   RO         5982    i.can2_tx_dequeue   can_protocol.o
    0x08002d68   0x00000140   Code   RO         5983    i.can_init          can_protocol.o
    0x08002ea8   0x00000078   Code   RO         5984    i.can_rx_add_filter  can_protocol.o
    0x08002f20   0x00000088   Code   RO         5985    i.can_rx_init       can_protocol.o
    0x08002fa8   0x00000078   Code   RO         5986    i.can_tx_enqueue    can_protocol.o
    0x08003020   0x00000250   Code   RO         5435    i.debug             main.o
    0x08003270   0x00000108   Code   RO         6907    i.feedback_decoding  gun_can_motor.o
    0x08003378   0x00000058   Code   RO         5544    i.gar_button_pressed  garuda_receiver.o
    0x080033d0   0x000000c0   Code   RO         5545    i.gar_button_update  garuda_receiver.o
    0x08003490   0x0000004c   Code   RO         5551    i.gar_get_connection  garuda_receiver.o
    0x080034dc   0x0000005c   Code   RO         5552    i.gar_get_joy       garuda_receiver.o
    0x08003538   0x00000084   Code   RO         5732    i.gar_spi_schedule_next  garuda_transmit.o
    0x080035bc   0x000000b4   Code   RO         5559    i.garuda_init       garuda_receiver.o
    0x08003670   0x00000018   Code   RO         5691    i.garuda_tft_init   garuda_tft.o
    0x08003688   0x0000009c   Code   RO         5734    i.garuda_transmit_init  garuda_transmit.o
    0x08003724   0x00000098   Code   RO         6380    i.getPinSource      gpio.o
    0x080037bc   0x0000004a   Code   RO         6381    i.gpio_af_init      gpio.o
    0x08003806   0x00000028   Code   RO         6382    i.gpio_init         gpio.o
    0x0800382e   0x00000028   Code   RO         6383    i.gpio_input_init   gpio.o
    0x08003856   0x00000034   Code   RO         6384    i.gpio_output_init  gpio.o
    0x0800388a   0x00000002   PAD
    0x0800388c   0x00000074   Code   RO         6385    i.gpio_rcc_init     gpio.o
    0x08003900   0x0000003e   Code   RO         6386    i.gpio_rcc_init_all  gpio.o
    0x0800393e   0x00000002   PAD
    0x08003940   0x0000000c   Code   RO         6908    i.gun_can_get_encoder  gun_can_motor.o
    0x0800394c   0x0000000c   Code   RO         6911    i.gun_can_get_pwm   gun_can_motor.o
    0x08003958   0x0000001c   Code   RO         6913    i.gun_can_motor_init  gun_can_motor.o
    0x08003974   0x00000030   Code   RO         6918    i.gun_can_motor_set_pos  gun_can_motor.o
    0x080039a4   0x0000003a   Code   RO         6919    i.gun_can_motor_set_vel  gun_can_motor.o
    0x080039de   0x0000001e   Code   RO         6925    i.gun_set_PID       gun_can_motor.o
    0x080039fc   0x0000011c   Code   RO         5907    i.int_arc_tan       approx_math.o
    0x08003b18   0x0000004a   Code   RO         5908    i.int_arc_tan2      approx_math.o
    0x08003b62   0x00000002   PAD
    0x08003b64   0x00000088   Code   RO         5910    i.int_sin           approx_math.o
    0x08003bec   0x00000028   Code   RO         7382    i.led_init          led.o
    0x08003c14   0x00000288   Code   RO         5437    i.main              main.o
    0x08003e9c   0x0000001c   Code   RO         5439    i.motor_rotate      main.o
    0x08003eb8   0x00000060   Code   RO         5440    i.motor_translate   main.o
    0x08003f18   0x0000022c   Code   RO         5441    i.motor_update      main.o
    0x08004144   0x00000210   Code   RO         5442    i.motor_update_debug  main.o
    0x08004354   0x00000068   Code   RO         5560    i.spi_gar_rx_handler  garuda_receiver.o
    0x080043bc   0x00000034   Code   RO         5561    i.spi_gar_update_ssi  garuda_receiver.o
    0x080043f0   0x00000120   Code   RO         6655    i.spi_init          spi_protocol.o
    0x08004510   0x00000068   Code   RO         6656    i.spi_rx_set_handler  spi_protocol.o
    0x08004578   0x00000070   Code   RO         6657    i.spi_tx_byte       spi_protocol.o
    0x080045e8   0x00000080   Code   RO         7214    i.tft_clear         lcd_main.o
    0x08004668   0x00000048   Code   RO         7218    i.tft_fill_color    lcd_main.o
    0x080046b0   0x0000000c   Code   RO         7222    i.tft_get_orientation  lcd_main.o
    0x080046bc   0x00000314   Code   RO         7223    i.tft_init          lcd_main.o
    0x080049d0   0x0000003c   Code   RO         7224    i.tft_println       lcd_main.o
    0x08004a0c   0x00000098   Code   RO         7229    i.tft_set_buffer    lcd_main.o
    0x08004aa4   0x00000070   Code   RO         7230    i.tft_set_region    lcd_main.o
    0x08004b14   0x00000208   Code   RO         7234    i.tft_update        lcd_main.o
    0x08004d1c   0x00000038   Code   RO         7235    i.tft_write_command  lcd_main.o
    0x08004d54   0x00000038   Code   RO         7236    i.tft_write_data    lcd_main.o
    0x08004d8c   0x00000068   Code   RO         6335    i.ticks_init        ticks.o
    0x08004df4   0x00000084   Code   RO         7600    i.timer_init        timer.o
    0x08004e78   0x000000c0   Code   RO         6157    i.uart_init         uart.o
    0x08004f38   0x0000000c   Code   RO         6158    i.uart_interrupt_init  uart.o
    0x08004f44   0x00000064   Code   RO         6160    i.uart_tx           uart.o
    0x08004fa8   0x0000008c   Code   RO         6265    i.uart_tx_byte      uart.o
    0x08005034   0x00000078   Code   RO         6164    i.uart_tx_dequeue   uart.o
    0x080050ac   0x000001d4   Code   RO         5562    i.unpack            garuda_receiver.o
    0x08005280   0x000000a8   Data   RO         5862    .constdata          adc.o
    0x08005328   0x00000078   Data   RO         6172    .constdata          uart.o
    0x080053a0   0x00000008   Data   RO         6391    .constdata          gpio.o
    0x080053a8   0x00000008   Data   RO         6392    .constdata          gpio.o
    0x080053b0   0x00000008   Data   RO         6393    .constdata          gpio.o
    0x080053b8   0x00000008   Data   RO         6394    .constdata          gpio.o
    0x080053c0   0x00000008   Data   RO         6395    .constdata          gpio.o
    0x080053c8   0x00000008   Data   RO         6396    .constdata          gpio.o
    0x080053d0   0x00000008   Data   RO         6397    .constdata          gpio.o
    0x080053d8   0x00000008   Data   RO         6398    .constdata          gpio.o
    0x080053e0   0x00000008   Data   RO         6399    .constdata          gpio.o
    0x080053e8   0x00000008   Data   RO         6400    .constdata          gpio.o
    0x080053f0   0x00000008   Data   RO         6401    .constdata          gpio.o
    0x080053f8   0x00000008   Data   RO         6402    .constdata          gpio.o
    0x08005400   0x00000008   Data   RO         6403    .constdata          gpio.o
    0x08005408   0x00000008   Data   RO         6412    .constdata          gpio.o
    0x08005410   0x00000008   Data   RO         6413    .constdata          gpio.o
    0x08005418   0x00000008   Data   RO         6417    .constdata          gpio.o
    0x08005420   0x00000008   Data   RO         6418    .constdata          gpio.o
    0x08005428   0x00000008   Data   RO         6419    .constdata          gpio.o
    0x08005430   0x00000008   Data   RO         6420    .constdata          gpio.o
    0x08005438   0x00000008   Data   RO         6421    .constdata          gpio.o
    0x08005440   0x00000008   Data   RO         6422    .constdata          gpio.o
    0x08005448   0x00000008   Data   RO         6423    .constdata          gpio.o
    0x08005450   0x00000008   Data   RO         6424    .constdata          gpio.o
    0x08005458   0x00000008   Data   RO         6425    .constdata          gpio.o
    0x08005460   0x00000008   Data   RO         6426    .constdata          gpio.o
    0x08005468   0x00000008   Data   RO         6427    .constdata          gpio.o
    0x08005470   0x00000008   Data   RO         6428    .constdata          gpio.o
    0x08005478   0x00000008   Data   RO         6433    .constdata          gpio.o
    0x08005480   0x00000008   Data   RO         6434    .constdata          gpio.o
    0x08005488   0x00000008   Data   RO         6435    .constdata          gpio.o
    0x08005490   0x00000008   Data   RO         6436    .constdata          gpio.o
    0x08005498   0x00000008   Data   RO         6437    .constdata          gpio.o
    0x080054a0   0x00000008   Data   RO         6438    .constdata          gpio.o
    0x080054a8   0x00000008   Data   RO         6439    .constdata          gpio.o
    0x080054b0   0x00000008   Data   RO         6440    .constdata          gpio.o
    0x080054b8   0x00000008   Data   RO         6441    .constdata          gpio.o
    0x080054c0   0x00000008   Data   RO         6442    .constdata          gpio.o
    0x080054c8   0x00000008   Data   RO         6443    .constdata          gpio.o
    0x080054d0   0x00000008   Data   RO         6444    .constdata          gpio.o
    0x080054d8   0x00000008   Data   RO         6445    .constdata          gpio.o
    0x080054e0   0x00000008   Data   RO         6446    .constdata          gpio.o
    0x080054e8   0x00000008   Data   RO         6473    .constdata          gpio.o
    0x080054f0   0x00000008   Data   RO         6474    .constdata          gpio.o
    0x080054f8   0x00000008   Data   RO         6475    .constdata          gpio.o
    0x08005500   0x00000008   Data   RO         6476    .constdata          gpio.o
    0x08005508   0x00000008   Data   RO         6477    .constdata          gpio.o
    0x08005510   0x00000008   Data   RO         6496    .constdata          gpio.o
    0x08005518   0x00000008   Data   RO         6501    .constdata          gpio.o
    0x08005520   0x00000038   Data   RO         6732    .constdata          button.o
    0x08005558   0x00000020   Data   RO         8348    Region$$Table       anon$$obj.o


    Execution Region RW_IRAM1 (Base: 0x20000000, Size: 0x00002c08, Max: 0x00020000, ABSOLUTE, COMPRESSED[0x000004bc])

    Base Addr    Size         Type   Attr      Idx    E Section Name        Object

    0x20000000   0x00000010   Data   RW         2939    .data               stm32f4xx_rcc.o
    0x20000010   0x00000018   Data   RW         5394    .data               system_stm32f4xx.o
    0x20000028   0x00000050   Data   RW         5444    .data               main.o
    0x20000078   0x00000030   Data   RW         5564    .data               garuda_receiver.o
    0x200000a8   0x000000a0   Data   RW         5692    .data               garuda_tft.o
    0x20000148   0x00000005   Data   RW         5736    .data               garuda_transmit.o
    0x2000014d   0x00000001   PAD
    0x2000014e   0x0000016c   Data   RW         5912    .data               approx_math.o
    0x200002ba   0x00000002   PAD
    0x200002bc   0x00000024   Data   RW         5996    .data               can_protocol.o
    0x200002e0   0x00000048   Data   RW         6173    .data               uart.o
    0x20000328   0x00000004   Data   RW         6336    .data               ticks.o
    0x2000032c   0x00000038   Data   RW         6659    .data               spi_protocol.o
    0x20000364   0x00000620   Data   RW         7238    .data               lcd_main.o
    0x20000984   0x00000008   Data   RW         7383    .data               led.o
    0x2000098c   0x00000004   Data   RW         7602    .data               timer.o
    0x20000990   0x00000018   Data   RW         7696    .data               spi_xbc_mb.o
    0x200009a8   0x0000000c   Zero   RW         5443    .bss                main.o
    0x200009b4   0x00000246   Zero   RW         5563    .bss                garuda_receiver.o
    0x20000bfa   0x00000018   Zero   RW         5861    .bss                adc.o
    0x20000c12   0x00000002   PAD
    0x20000c14   0x00000070   Zero   RW         5993    .bss                can_protocol.o
    0x20000c84   0x000004b0   Zero   RW         5994    .bss                can_protocol.o
    0x20001134   0x000004b0   Zero   RW         5995    .bss                can_protocol.o
    0x200015e4   0x00000040   Zero   RW         6165    .bss                uart.o
    0x20001624   0x00000300   Zero   RW         6166    .bss                uart.o
    0x20001924   0x00000040   Zero   RW         6167    .bss                uart.o
    0x20001964   0x00000040   Zero   RW         6168    .bss                uart.o
    0x200019a4   0x00000040   Zero   RW         6169    .bss                uart.o
    0x200019e4   0x00000040   Zero   RW         6170    .bss                uart.o
    0x20001a24   0x00000018   Zero   RW         6171    .bss                uart.o
    0x20001a3c   0x0000000c   Zero   RW         6658    .bss                spi_protocol.o
    0x20001a48   0x000001f0   Zero   RW         6926    .bss                gun_can_motor.o
    0x20001c38   0x00000640   Zero   RW         7237    .bss                lcd_main.o
    0x20002278   0x00000190   Zero   RW         7601    .bss                timer.o
    0x20002408   0x00000800   Zero   RW         5425    STACK               startup_stm32f40_41xxx.o


==============================================================================

Image component sizes


      Code (inc. data)   RO Data    RW Data    ZI Data      Debug   Object Name

       388         16        168          0         24       5921   adc.o
       614         22          0        364          0       4374   approx_math.o
        44          6         56          0          0       2417   button.o
        28          6          0          0          0        510   buzzer.o
         0          0          0          0          0        973   can_motor.o
      1872        176          0         36       2512       9714   can_protocol.o
      1348        120          0         48        582       9963   garuda_receiver.o
        24          6          0        160          0       1227   garuda_tft.o
       368         50          0          5          0       4028   garuda_transmit.o
       536          4        384          0          0       8993   gpio.o
       452         46          0          0        496       7235   gun_can_motor.o
      1956         78          0       1568       1600      11901   lcd_main.o
        40          4          0          8          0       1347   led.o
      2448        162          0         80         12       7801   main.o
       116          6          0          0          0       3144   misc.o
       660         68          0         56         12       5721   spi_protocol.o
        72          8          0         24          0       4064   spi_xbc_mb.o
        36          8        392          0       2048        944   startup_stm32f40_41xxx.o
       392         20          0          0          0     293504   stm32f4xx_adc.o
      1232         32          0          0          0      18158   stm32f4xx_can.o
        44         10          0          0          0       1725   stm32f4xx_crc.o
       326         42          0          0          0      17830   stm32f4xx_dma.o
       176         18          0          0          0       5180   stm32f4xx_exti.o
       232          0          0          0          0      12009   stm32f4xx_gpio.o
        18          0          0          0          0      41944   stm32f4xx_it.o
       280         46          0         16          0      22393   stm32f4xx_rcc.o
       450          0          0          0          0      17133   stm32f4xx_spi.o
        46          0          0          0          0        740   stm32f4xx_syscfg.o
       216          8          0          0          0      27313   stm32f4xx_tim.o
       368          4          0          0          0      13277   stm32f4xx_usart.o
       456         66          0         24          0       2491   system_stm32f4xx.o
       170          8          0          4          0       2293   ticks.o
       384         32          0          4        400       2851   timer.o
      1156        102        120         72       1112      10731   uart.o

    ----------------------------------------------------------------------
     16976       1174       1152       2472       8800     579849   Object Totals
         0          0         32          0          0          0   (incl. Generated)
        28          0          0          3          2          0   (incl. Padding)

    ----------------------------------------------------------------------

      Code (inc. data)   RO Data    RW Data    ZI Data      Debug   Library Member Name

        86          0          0          0          0          0   __dczerorl2.o
         0          0          0          0          0          0   entry.o
         0          0          0          0          0          0   entry10a.o
         0          0          0          0          0          0   entry11a.o
         8          4          0          0          0          0   entry2.o
         4          0          0          0          0          0   entry5.o
         0          0          0          0          0          0   entry7b.o
         0          0          0          0          0          0   entry8b.o
         8          4          0          0          0          0   entry9a.o
        30          0          0          0          0          0   handlers.o
        36          8          0          0          0         68   init.o
         0          0          0          0          0          0   iusefp.o
        30          0          0          0          0         68   llshl.o
        36          0          0          0          0         68   llsshr.o
        32          0          0          0          0         68   llushr.o
      2272         86          0          0          0        516   printfa.o
        44          0          0          0          0         80   uidiv.o
        98          0          0          0          0         92   uldiv.o
        48          0          0          0          0         68   cdrcmple.o
       334          0          0          0          0        148   dadd.o
       222          0          0          0          0        100   ddiv.o
       186          0          0          0          0        176   depilogue.o
        48          0          0          0          0         68   dfixul.o
       228          0          0          0          0         96   dmul.o

    ----------------------------------------------------------------------
      3752        102          0          0          0       1616   Library Totals
         2          0          0          0          0          0   (incl. Padding)

    ----------------------------------------------------------------------

      Code (inc. data)   RO Data    RW Data    ZI Data      Debug   Library Name

      2684        102          0          0          0        960   mc_w.l
      1066          0          0          0          0        656   mf_w.l

    ----------------------------------------------------------------------
      3752        102          0          0          0       1616   Library Totals

    ----------------------------------------------------------------------

==============================================================================


      Code (inc. data)   RO Data    RW Data    ZI Data      Debug   

     20728       1276       1152       2472       8800     565017   Grand Totals
     20728       1276       1152       1212       8800     565017   ELF Image Totals (compressed)
     20728       1276       1152       1212          0          0   ROM Totals

==============================================================================

    Total RO  Size (Code + RO Data)                21880 (  21.37kB)
    Total RW  Size (RW Data + ZI Data)             11272 (  11.01kB)
    Total ROM Size (Code + RO Data + RW Data)      23092 (  22.55kB)

==============================================================================

